<html>
<body>
<pre>
<h1>µVision Build Log</h1>
<h2>Tool Versions:</h2>
IDE-Version: ¦ÌVision V5.20.0.0
Copyright (C) 2016 ARM Ltd and ARM Germany GmbH. All rights reserved.
License Information: q LeatherWa, Microsoft, LIC=LJWMM-XPMI6-23GM4-FI5A4-12VWF-2FLIT
 
Tool Versions:
Toolchain:       MDK-ARM Professional  Version: 5.20
Toolchain Path:  D:\promile\keil5\ARM\ARMCC\Bin
C Compiler:      Armcc.exe V5.06 update 2 (build 183)
Assembler:       Armasm.exe V5.06 update 2 (build 183)
Linker/Locator:  ArmLink.exe V5.06 update 2 (build 183)
Library Manager: ArmAr.exe V5.06 update 2 (build 183)
Hex Converter:   FromElf.exe V5.06 update 2 (build 183)
CPU DLL:         SARMCM3.DLL V5.20
Dialog DLL:      DARMSTM.DLL V1.66.0.0
Target DLL:      STLink\ST-LINKIII-KEIL_SWO.dll V2.0.18.0
Dialog DLL:      TARMSTM.DLL V1.65.0.0
 
<h2>Project:</h2>
C:\Users\LeatherWang\Desktop\ANO_Settler_V2\ANO_Settler.uvprojx
Project File Date:  06/23/2016

<h2>Output:</h2>
*** Using Compiler 'V5.06 update 2 (build 183)', folder: 'D:\promile\keil5\ARM\ARMCC\Bin'
Build target 'ANO_Settler'
compiling loop.c...
compiling ANO_Drv_MPU6050.c...
compiling ANO_CTRL.c...
compiling ANO_IMU.c...
compiling ANO_Data_Transfer.c...
linking...
Program Size: Code=32472 RO-data=648 RW-data=616 ZI-data=4336  
FromELF: creating hex file...
".\build\ANO_Settler.axf" - 0 Error(s), 0 Warning(s).

<h2>Collection of Component include folders:</h2>
  C:\Users\LeatherWang\Desktop\ANO_Settler_V2\RTE
  D:\promile\keil5\ARM\PACK\Keil\STM32F1xx_DFP\2.1.0\Device\Include

<h2>Collection of Component Files used:</h2>
Build Time Elapsed:  00:00:03
</pre>
</body>
</html>
