Component: ARM Compiler 5.06 update 2 (build 183) Tool: armlink [4d35b7]

==============================================================================

Section Cross References

    main.o(i.main) refers to ano_init.o(i.sys_init) for sys_init
    main.o(i.main) refers to oled.o(i.OLED_Init) for OLED_Init
    main.o(i.main) refers to loop.o(i.main_loop) for main_loop
    loop.o(i.Duty_1000ms) refers to ano_drv_adc.o(i.MYDMA_Enable) for MYDMA_Enable
    loop.o(i.Duty_1000ms) refers to ano_drv_adc.o(.data) for ADC_ConvertedValue
    loop.o(i.Duty_20ms) refers to ano_drv_led.o(i.LED_Dyty) for LED_Dyty
    loop.o(i.Duty_2ms) refers to ano_data_transfer.o(i.ANO_DT_Data_Exchange) for ANO_DT_Data_Exchange
    loop.o(i.Duty_2ms) refers to bsp_systick.o(i.GetSysTime_us) for GetSysTime_us
    loop.o(i.Duty_2ms) refers to ano_drv_mpu6050.o(i.MPU6050_Data_Prepare) for MPU6050_Data_Prepare
    loop.o(i.Duty_2ms) refers to ano_rc.o(i.RC_duty) for RC_duty
    loop.o(i.Duty_2ms) refers to fflti.o(.text) for __aeabi_i2f
    loop.o(i.Duty_2ms) refers to ano_ctrl.o(i.CTRL_Duty) for CTRL_Duty
    loop.o(i.Duty_2ms) refers to loop.o(.bss) for test_time
    loop.o(i.Duty_2ms) refers to ano_rc.o(.bss) for CH_N
    loop.o(i.Duty_50ms) refers to ano_param.o(i.PID_Save_Overtime) for PID_Save_Overtime
    loop.o(i.Duty_6ms) refers to bsp_systick.o(i.GetSysTime_us) for GetSysTime_us
    loop.o(i.Duty_6ms) refers to ano_imu.o(i.IMUupdate) for IMUupdate
    loop.o(i.Duty_6ms) refers to loop.o(.bss) for test_time
    loop.o(i.Duty_6ms) refers to ano_drv_mpu6050.o(.bss) for sensor
    loop.o(i.Loop_check) refers to ano_drv_led.o(i.LED_1ms_DRV) for LED_1ms_DRV
    loop.o(i.Loop_check) refers to loop.o(.bss) for loop
    loop.o(i.main_loop) refers to loop.o(i.Duty_2ms) for Duty_2ms
    loop.o(i.main_loop) refers to loop.o(i.Duty_6ms) for Duty_6ms
    loop.o(i.main_loop) refers to loop.o(i.Duty_10ms) for Duty_10ms
    loop.o(i.main_loop) refers to loop.o(i.Duty_20ms) for Duty_20ms
    loop.o(i.main_loop) refers to loop.o(i.Duty_50ms) for Duty_50ms
    loop.o(i.main_loop) refers to loop.o(i.Duty_1000ms) for Duty_1000ms
    loop.o(i.main_loop) refers to ano_drv_nrf24l01.o(i.ANO_NRF_Check_Event) for ANO_NRF_Check_Event
    loop.o(i.main_loop) refers to ano_drv_hid.o(i.Usb_Hid_Receive) for Usb_Hid_Receive
    loop.o(i.main_loop) refers to loop.o(.bss) for loop
    ano_ctrl.o(i.CTRL_0) refers to ano_pid.o(i.PID_calculate) for PID_calculate
    ano_ctrl.o(i.CTRL_0) refers to ano_ctrl.o(.bss) for val_0_hs
    ano_ctrl.o(i.CTRL_0_PID_Init) refers to fflti.o(.text) for __aeabi_i2f
    ano_ctrl.o(i.CTRL_0_PID_Init) refers to fmul.o(.text) for __aeabi_fmul
    ano_ctrl.o(i.CTRL_0_PID_Init) refers to ano_param.o(.bss) for ANO_Param
    ano_ctrl.o(i.CTRL_0_PID_Init) refers to ano_ctrl.o(.bss) for arg_0_hs
    ano_ctrl.o(i.CTRL_1) refers to fmul.o(.text) for __aeabi_fmul
    ano_ctrl.o(i.CTRL_1) refers to ano_pid.o(i.PID_calculate) for PID_calculate
    ano_ctrl.o(i.CTRL_1) refers to ano_ctrl.o(.bss) for val_1_rol
    ano_ctrl.o(i.CTRL_1_PID_Init) refers to fflti.o(.text) for __aeabi_i2f
    ano_ctrl.o(i.CTRL_1_PID_Init) refers to fmul.o(.text) for __aeabi_fmul
    ano_ctrl.o(i.CTRL_1_PID_Init) refers to ano_param.o(.bss) for ANO_Param
    ano_ctrl.o(i.CTRL_1_PID_Init) refers to ano_ctrl.o(.bss) for arg_1_rol
    ano_ctrl.o(i.CTRL_2) refers to fmul.o(.text) for __aeabi_fmul
    ano_ctrl.o(i.CTRL_2) refers to ano_pid.o(i.PID_calculate) for PID_calculate
    ano_ctrl.o(i.CTRL_2) refers to ano_ctrl.o(.bss) for val_2_rol
    ano_ctrl.o(i.CTRL_2_PID_Init) refers to fflti.o(.text) for __aeabi_i2f
    ano_ctrl.o(i.CTRL_2_PID_Init) refers to fmul.o(.text) for __aeabi_fmul
    ano_ctrl.o(i.CTRL_2_PID_Init) refers to ano_param.o(.bss) for ANO_Param
    ano_ctrl.o(i.CTRL_2_PID_Init) refers to ano_ctrl.o(.bss) for arg_2_rol
    ano_ctrl.o(i.CTRL_Duty) refers to fflti.o(.text) for __aeabi_i2f
    ano_ctrl.o(i.CTRL_Duty) refers to bsp_systick.o(i.GetSysTime_us) for GetSysTime_us
    ano_ctrl.o(i.CTRL_Duty) refers to ffltui.o(.text) for __aeabi_ui2f
    ano_ctrl.o(i.CTRL_Duty) refers to fmul.o(.text) for __aeabi_fmul
    ano_ctrl.o(i.CTRL_Duty) refers to ano_ctrl.o(i.CTRL_2) for CTRL_2
    ano_ctrl.o(i.CTRL_Duty) refers to cfcmple.o(.text) for __aeabi_cfcmple
    ano_ctrl.o(i.CTRL_Duty) refers to cfrcmple.o(.text) for __aeabi_cfrcmple
    ano_ctrl.o(i.CTRL_Duty) refers to fdiv.o(.text) for __aeabi_fdiv
    ano_ctrl.o(i.CTRL_Duty) refers to fadd.o(.text) for __aeabi_fadd
    ano_ctrl.o(i.CTRL_Duty) refers to mymath.o(i.my_deadzone) for my_deadzone
    ano_ctrl.o(i.CTRL_Duty) refers to ano_ctrl.o(i.CTRL_1) for CTRL_1
    ano_ctrl.o(i.CTRL_Duty) refers to filter.o(i.LPF_1) for LPF_1
    ano_ctrl.o(i.CTRL_Duty) refers to ano_ctrl.o(i.CTRL_0) for CTRL_0
    ano_ctrl.o(i.CTRL_Duty) refers to mymath.o(i.second_degree) for second_degree
    ano_ctrl.o(i.CTRL_Duty) refers to ffixi.o(.text) for __aeabi_f2iz
    ano_ctrl.o(i.CTRL_Duty) refers to ano_data.o(.data) for flag
[...]
    _main_stk                                0x080000ed   Thumb Code     0  entry2.o(.ARM.Collect$$$$00000001)
    _main_scatterload                        0x080000f1   Thumb Code     0  entry5.o(.ARM.Collect$$$$00000004)
    __main_after_scatterload                 0x080000f5   Thumb Code     0  entry5.o(.ARM.Collect$$$$00000004)
    _main_clock                              0x080000f5   Thumb Code     0  entry7b.o(.ARM.Collect$$$$00000008)
    _main_cpp_init                           0x080000f5   Thumb Code     0  entry8b.o(.ARM.Collect$$$$0000000A)
    _main_init                               0x080000f5   Thumb Code     0  entry9a.o(.ARM.Collect$$$$0000000B)
    __rt_final_cpp                           0x080000fd   Thumb Code     0  entry10a.o(.ARM.Collect$$$$0000000D)
    __rt_final_exit                          0x080000fd   Thumb Code     0  entry11a.o(.ARM.Collect$$$$0000000F)
    Reset_Handler                            0x08000101   Thumb Code     8  startup_stm32f10x_md.o(.text)
    NMI_Handler                              0x08000109   Thumb Code     2  startup_stm32f10x_md.o(.text)
    HardFault_Handler                        0x0800010b   Thumb Code     2  startup_stm32f10x_md.o(.text)
    MemManage_Handler                        0x0800010d   Thumb Code     2  startup_stm32f10x_md.o(.text)
    BusFault_Handler                         0x0800010f   Thumb Code     2  startup_stm32f10x_md.o(.text)
    UsageFault_Handler                       0x08000111   Thumb Code     2  startup_stm32f10x_md.o(.text)
    SVC_Handler                              0x08000113   Thumb Code     2  startup_stm32f10x_md.o(.text)
    DebugMon_Handler                         0x08000115   Thumb Code     2  startup_stm32f10x_md.o(.text)
    PendSV_Handler                           0x08000117   Thumb Code     2  startup_stm32f10x_md.o(.text)
    ADC1_2_IRQHandler                        0x0800011b   Thumb Code     0  startup_stm32f10x_md.o(.text)
    CAN1_RX1_IRQHandler                      0x0800011b   Thumb Code     0  startup_stm32f10x_md.o(.text)
    CAN1_SCE_IRQHandler                      0x0800011b   Thumb Code     0  startup_stm32f10x_md.o(.text)
    DMA1_Channel2_IRQHandler                 0x0800011b   Thumb Code     0  startup_stm32f10x_md.o(.text)
    DMA1_Channel3_IRQHandler                 0x0800011b   Thumb Code     0  startup_stm32f10x_md.o(.text)
    DMA1_Channel4_IRQHandler                 0x0800011b   Thumb Code     0  startup_stm32f10x_md.o(.text)
    DMA1_Channel5_IRQHandler                 0x0800011b   Thumb Code     0  startup_stm32f10x_md.o(.text)
    DMA1_Channel6_IRQHandler                 0x0800011b   Thumb Code     0  startup_stm32f10x_md.o(.text)
    DMA1_Channel7_IRQHandler                 0x0800011b   Thumb Code     0  startup_stm32f10x_md.o(.text)
    EXTI0_IRQHandler                         0x0800011b   Thumb Code     0  startup_stm32f10x_md.o(.text)
    EXTI15_10_IRQHandler                     0x0800011b   Thumb Code     0  startup_stm32f10x_md.o(.text)
    EXTI1_IRQHandler                         0x0800011b   Thumb Code     0  startup_stm32f10x_md.o(.text)
    EXTI2_IRQHandler                         0x0800011b   Thumb Code     0  startup_stm32f10x_md.o(.text)
    EXTI3_IRQHandler                         0x0800011b   Thumb Code     0  startup_stm32f10x_md.o(.text)
    EXTI4_IRQHandler                         0x0800011b   Thumb Code     0  startup_stm32f10x_md.o(.text)
    EXTI9_5_IRQHandler                       0x0800011b   Thumb Code     0  startup_stm32f10x_md.o(.text)
    FLASH_IRQHandler                         0x0800011b   Thumb Code     0  startup_stm32f10x_md.o(.text)
    I2C1_ER_IRQHandler                       0x0800011b   Thumb Code     0  startup_stm32f10x_md.o(.text)
    I2C1_EV_IRQHandler                       0x0800011b   Thumb Code     0  startup_stm32f10x_md.o(.text)
    I2C2_ER_IRQHandler                       0x0800011b   Thumb Code     0  startup_stm32f10x_md.o(.text)
    I2C2_EV_IRQHandler                       0x0800011b   Thumb Code     0  startup_stm32f10x_md.o(.text)
    PVD_IRQHandler                           0x0800011b   Thumb Code     0  startup_stm32f10x_md.o(.text)
    RCC_IRQHandler                           0x0800011b   Thumb Code     0  startup_stm32f10x_md.o(.text)
    RTCAlarm_IRQHandler                      0x0800011b   Thumb Code     0  startup_stm32f10x_md.o(.text)
    RTC_IRQHandler                           0x0800011b   Thumb Code     0  startup_stm32f10x_md.o(.text)
    SPI1_IRQHandler                          0x0800011b   Thumb Code     0  startup_stm32f10x_md.o(.text)
    SPI2_IRQHandler                          0x0800011b   Thumb Code     0  startup_stm32f10x_md.o(.text)
    TAMPER_IRQHandler                        0x0800011b   Thumb Code     0  startup_stm32f10x_md.o(.text)
    TIM1_BRK_IRQHandler                      0x0800011b   Thumb Code     0  startup_stm32f10x_md.o(.text)
    TIM1_CC_IRQHandler                       0x0800011b   Thumb Code     0  startup_stm32f10x_md.o(.text)
    TIM1_TRG_COM_IRQHandler                  0x0800011b   Thumb Code     0  startup_stm32f10x_md.o(.text)
    TIM1_UP_IRQHandler                       0x0800011b   Thumb Code     0  startup_stm32f10x_md.o(.text)
    TIM2_IRQHandler                          0x0800011b   Thumb Code     0  startup_stm32f10x_md.o(.text)
    TIM3_IRQHandler                          0x0800011b   Thumb Code     0  startup_stm32f10x_md.o(.text)
    TIM4_IRQHandler                          0x0800011b   Thumb Code     0  startup_stm32f10x_md.o(.text)
    USART2_IRQHandler                        0x0800011b   Thumb Code     0  startup_stm32f10x_md.o(.text)
    USBWakeUp_IRQHandler                     0x0800011b   Thumb Code     0  startup_stm32f10x_md.o(.text)
    WWDG_IRQHandler                          0x0800011b   Thumb Code     0  startup_stm32f10x_md.o(.text)
    __aeabi_fadd                             0x08000125   Thumb Code   164  fadd.o(.text)
    __aeabi_fsub                             0x080001c9   Thumb Code     6  fadd.o(.text)
    __aeabi_frsub                            0x080001cf   Thumb Code     6  fadd.o(.text)
    __aeabi_fmul                             0x080001d5   Thumb Code   100  fmul.o(.text)
    __aeabi_fdiv                             0x08000239   Thumb Code   124  fdiv.o(.text)
    __aeabi_dadd                             0x080002b5   Thumb Code   322  dadd.o(.text)
    __aeabi_dsub                             0x080003f7   Thumb Code     6  dadd.o(.text)
    __aeabi_drsub                            0x080003fd   Thumb Code     6  dadd.o(.text)
    __aeabi_dmul                             0x08000403   Thumb Code   228  dmul.o(.text)
    __aeabi_i2f                              0x080004e7   Thumb Code    18  fflti.o(.text)
    __aeabi_ui2f                             0x080004f9   Thumb Code    10  ffltui.o(.text)
    __aeabi_f2iz                             0x08000503   Thumb Code    50  ffixi.o(.text)
    __aeabi_f2uiz                            0x08000535   Thumb Code    40  ffixui.o(.text)
    __aeabi_f2d                              0x0800055d   Thumb Code    38  f2d.o(.text)
    __aeabi_d2f                              0x08000583   Thumb Code    56  d2f.o(.text)
    __aeabi_cfcmpeq                          0x080005bd   Thumb Code     0  cfcmple.o(.text)
    __aeabi_cfcmple                          0x080005bd   Thumb Code    20  cfcmple.o(.text)
    __aeabi_cfrcmple                         0x080005d1   Thumb Code    20  cfrcmple.o(.text)
    __aeabi_llsl                             0x080005e5   Thumb Code    30  llshl.o(.text)
    _ll_shift_l                              0x080005e5   Thumb Code     0  llshl.o(.text)
    __aeabi_lasr                             0x08000603   Thumb Code    36  llsshr.o(.text)
    _ll_sshift_r                             0x08000603   Thumb Code     0  llsshr.o(.text)
    __I$use$fp                               0x08000627   Thumb Code     0  iusefp.o(.text)
    _float_round                             0x08000627   Thumb Code    18  fepilogue.o(.text)
    _float_epilogue                          0x08000639   Thumb Code    92  fepilogue.o(.text)
    _double_round                            0x08000695   Thumb Code    30  depilogue.o(.text)
    _double_epilogue                         0x080006b3   Thumb Code   156  depilogue.o(.text)
    __aeabi_ddiv                             0x0800074f   Thumb Code   222  ddiv.o(.text)
    __ARM_scalbn                             0x0800082d   Thumb Code    46  dscalb.o(.text)
    scalbn                                   0x0800082d   Thumb Code     0  dscalb.o(.text)
    _dsqrt                                   0x0800085b   Thumb Code   162  dsqrt.o(.text)
    __scatterload                            0x080008fd   Thumb Code    28  init.o(.text)
    __scatterload_rt2                        0x080008fd   Thumb Code     0  init.o(.text)
    __aeabi_llsr                             0x08000921   Thumb Code    32  llushr.o(.text)
    _ll_ushift_r                             0x08000921   Thumb Code     0  llushr.o(.text)
    __decompress                             0x08000941   Thumb Code     0  __dczerorl2.o(.text)
    __decompress1                            0x08000941   Thumb Code    86  __dczerorl2.o(.text)
    ADC1_Init                                0x080009c9   Thumb Code    12  ano_drv_adc.o(i.ADC1_Init)
    ADC_Cmd                                  0x08000ab9   Thumb Code    22  stm32f10x_adc.o(i.ADC_Cmd)
    ADC_DMACmd                               0x08000acf   Thumb Code    22  stm32f10x_adc.o(i.ADC_DMACmd)
    ADC_DeInit                               0x08000ae5   Thumb Code    78  stm32f10x_adc.o(i.ADC_DeInit)
    ADC_GetCalibrationStatus                 0x08000b41   Thumb Code    20  stm32f10x_adc.o(i.ADC_GetCalibrationStatus)
    ADC_GetResetCalibrationStatus            0x08000b55   Thumb Code    20  stm32f10x_adc.o(i.ADC_GetResetCalibrationStatus)
    ADC_Init                                 0x08000b69   Thumb Code    70  stm32f10x_adc.o(i.ADC_Init)
    ADC_RegularChannelConfig                 0x08000bb9   Thumb Code   184  stm32f10x_adc.o(i.ADC_RegularChannelConfig)
    ADC_ResetCalibration                     0x08000c71   Thumb Code    10  stm32f10x_adc.o(i.ADC_ResetCalibration)
    ADC_SoftwareStartConvCmd                 0x08000c7b   Thumb Code    22  stm32f10x_adc.o(i.ADC_SoftwareStartConvCmd)
    ADC_StartCalibration                     0x08000c91   Thumb Code    10  stm32f10x_adc.o(i.ADC_StartCalibration)
    ANO_DT_Data_Exchange                     0x08000c9d   Thumb Code   972  ano_data_transfer.o(i.ANO_DT_Data_Exchange)
    ANO_DT_Data_Receive_Anl                  0x080010b1   Thumb Code   678  ano_data_transfer.o(i.ANO_DT_Data_Receive_Anl)
    ANO_DT_Send_Data                         0x080013b5   Thumb Code    16  ano_data_transfer.o(i.ANO_DT_Send_Data)
    ANO_DT_Send_MotoPWM                      0x080013c5   Thumb Code   294  ano_data_transfer.o(i.ANO_DT_Send_MotoPWM)
    ANO_DT_Send_PID                          0x080014f1   Thumb Code   382  ano_data_transfer.o(i.ANO_DT_Send_PID)
    ANO_DT_Send_Power                        0x08001675   Thumb Code   136  ano_data_transfer.o(i.ANO_DT_Send_Power)
    ANO_DT_Send_RCData                       0x08001701   Thumb Code   350  ano_data_transfer.o(i.ANO_DT_Send_RCData)
    ANO_DT_Send_Senser                       0x08001865   Thumb Code   406  ano_data_transfer.o(i.ANO_DT_Send_Senser)
    ANO_DT_Send_Status                       0x08001a01   Thumb Code   316  ano_data_transfer.o(i.ANO_DT_Send_Status)
    ANO_DT_Send_User                         0x08001b45   Thumb Code   234  ano_data_transfer.o(i.ANO_DT_Send_User)
    ANO_DT_Send_Version                      0x08001c3d   Thumb Code   192  ano_data_transfer.o(i.ANO_DT_Send_Version)
    ANO_Flash_Read                           0x08001d01   Thumb Code    62  ano_drv_flash.o(i.ANO_Flash_Read)
    ANO_Flash_Write                          0x08001d45   Thumb Code   100  ano_drv_flash.o(i.ANO_Flash_Write)
    ANO_LED_0_OFF                            0x08001dad   Thumb Code    10  ano_drv_led.o(i.ANO_LED_0_OFF)
    ANO_LED_0_ON                             0x08001dbd   Thumb Code    10  ano_drv_led.o(i.ANO_LED_0_ON)
    ANO_LED_Init                             0x08001dcd   Thumb Code    90  ano_drv_led.o(i.ANO_LED_Init)
    ANO_NRF_Check                            0x08001e35   Thumb Code    62  ano_drv_nrf24l01.o(i.ANO_NRF_Check)
    ANO_NRF_Check_Event                      0x08001e79   Thumb Code   106  ano_drv_nrf24l01.o(i.ANO_NRF_Check_Event)
    ANO_NRF_Init                             0x08001eed   Thumb Code   222  ano_drv_nrf24l01.o(i.ANO_NRF_Init)
    ANO_NRF_Read_Buf                         0x08001fd5   Thumb Code    52  ano_drv_nrf24l01.o(i.ANO_NRF_Read_Buf)
    ANO_NRF_Read_Reg                         0x08002009   Thumb Code    30  ano_drv_nrf24l01.o(i.ANO_NRF_Read_Reg)
    ANO_NRF_TxPacket                         0x08002029   Thumb Code    28  ano_drv_nrf24l01.o(i.ANO_NRF_TxPacket)
    ANO_NRF_Write_Buf                        0x08002049   Thumb Code    50  ano_drv_nrf24l01.o(i.ANO_NRF_Write_Buf)
    ANO_NRF_Write_Reg                        0x0800207b   Thumb Code    32  ano_drv_nrf24l01.o(i.ANO_NRF_Write_Reg)
    ANO_Param_Init                           0x0800209d   Thumb Code   136  ano_param.o(i.ANO_Param_Init)
    ANO_Param_Read                           0x08002129   Thumb Code    24  ano_param.o(i.ANO_Param_Read)
    ANO_Param_Save                           0x08002145   Thumb Code    16  ano_param.o(i.ANO_Param_Save)
    ANO_SPI_CSN_H                            0x08002159   Thumb Code    14  ano_drv_spi.o(i.ANO_SPI_CSN_H)
    ANO_SPI_CSN_L                            0x0800216d   Thumb Code    14  ano_drv_spi.o(i.ANO_SPI_CSN_L)
    ANO_SPI_Init                             0x08002181   Thumb Code   160  ano_drv_spi.o(i.ANO_SPI_Init)
    ANO_SPI_RW                               0x08002229   Thumb Code    50  ano_drv_spi.o(i.ANO_SPI_RW)
    ANO_UART3_IRQ                            0x08002261   Thumb Code   126  ano_drv_uart3.o(i.ANO_UART3_IRQ)
    ByteSwap                                 0x080022f1   Thumb Code    12  usb_regs.o(i.ByteSwap)
    CTRL_0                                   0x080022fd   Thumb Code    46  ano_ctrl.o(i.CTRL_0)
    CTRL_0_PID_Init                          0x08002335   Thumb Code   106  ano_ctrl.o(i.CTRL_0_PID_Init)
    CTRL_1                                   0x080023ad   Thumb Code   128  ano_ctrl.o(i.CTRL_1)
    CTRL_1_PID_Init                          0x08002449   Thumb Code   302  ano_ctrl.o(i.CTRL_1_PID_Init)
    CTRL_2                                   0x08002595   Thumb Code    90  ano_ctrl.o(i.CTRL_2)
    CTRL_2_PID_Init                          0x08002605   Thumb Code   274  ano_ctrl.o(i.CTRL_2_PID_Init)
    CTRL_Duty                                0x08002739   Thumb Code  1192  ano_ctrl.o(i.CTRL_Duty)
    CTR_LP                                   0x08002be5   Thumb Code   774  usb_int.o(i.CTR_LP)
    ClearDTOG_RX                             0x08002f0d   Thumb Code    46  usb_regs.o(i.ClearDTOG_RX)
    ClearDTOG_TX                             0x08002f41   Thumb Code    46  usb_regs.o(i.ClearDTOG_TX)
    Clear_Status_Out                         0x08002f75   Thumb Code    28  usb_regs.o(i.Clear_Status_Out)
    CustomHID_Data_Setup                     0x08002f95   Thumb Code   108  usb_prop.o(i.CustomHID_Data_Setup)
    CustomHID_GetConfigDescriptor            0x08003011   Thumb Code    14  usb_prop.o(i.CustomHID_GetConfigDescriptor)
    CustomHID_GetDeviceDescriptor            0x08003025   Thumb Code    14  usb_prop.o(i.CustomHID_GetDeviceDescriptor)
    CustomHID_GetHIDDescriptor               0x08003039   Thumb Code    14  usb_prop.o(i.CustomHID_GetHIDDescriptor)
    CustomHID_GetProtocolValue               0x0800304d   Thumb Code    20  usb_prop.o(i.CustomHID_GetProtocolValue)
    CustomHID_GetReportDescriptor            0x08003069   Thumb Code    14  usb_prop.o(i.CustomHID_GetReportDescriptor)
    CustomHID_GetStringDescriptor            0x0800307d   Thumb Code    32  usb_prop.o(i.CustomHID_GetStringDescriptor)
    CustomHID_Get_Interface_Setting          0x080030a5   Thumb Code    22  usb_prop.o(i.CustomHID_Get_Interface_Setting)
    CustomHID_NoData_Setup                   0x080030bd   Thumb Code    32  usb_prop.o(i.CustomHID_NoData_Setup)
    CustomHID_Reset                          0x080030e1   Thumb Code   176  usb_prop.o(i.CustomHID_Reset)
    CustomHID_SetConfiguration               0x080031a1   Thumb Code    16  usb_prop.o(i.CustomHID_SetConfiguration)
    CustomHID_SetDeviceAddress               0x080031b9   Thumb Code     8  usb_prop.o(i.CustomHID_SetDeviceAddress)
    CustomHID_SetProtocol                    0x080031c5   Thumb Code    14  usb_prop.o(i.CustomHID_SetProtocol)
    CustomHID_Status_In                      0x080031dd   Thumb Code     2  usb_prop.o(i.CustomHID_Status_In)
    CustomHID_Status_Out                     0x080031df   Thumb Code     2  usb_prop.o(i.CustomHID_Status_Out)
    CustomHID_init                           0x080031e1   Thumb Code    50  usb_prop.o(i.CustomHID_init)
    DMA1_Channel1_IRQHandler                 0x08003225   Thumb Code    42  stm32f10x_it.o(i.DMA1_Channel1_IRQHandler)
    DMA_ClearITPendingBit                    0x08003255   Thumb Code    18  stm32f10x_dma.o(i.DMA_ClearITPendingBit)
    DMA_Cmd                                  0x08003271   Thumb Code    24  stm32f10x_dma.o(i.DMA_Cmd)
    DMA_DeInit                               0x08003289   Thumb Code   324  stm32f10x_dma.o(i.DMA_DeInit)
    DMA_GetITStatus                          0x080033d5   Thumb Code    36  stm32f10x_dma.o(i.DMA_GetITStatus)
    DMA_Init                                 0x08003401   Thumb Code    60  stm32f10x_dma.o(i.DMA_Init)
    Delay                                    0x08003851   Thumb Code    18  bsp_systick.o(i.Delay)
    Delay_ms                                 0x08003863   Thumb Code    26  bsp_systick.o(i.Delay_ms)
    Delay_us                                 0x0800387d   Thumb Code    24  bsp_systick.o(i.Delay_us)
    Duty_1000ms                              0x08003895   Thumb Code    40  loop.o(i.Duty_1000ms)
    Duty_10ms                                0x080038c5   Thumb Code     2  loop.o(i.Duty_10ms)
    Duty_20ms                                0x080038c9   Thumb Code    10  loop.o(i.Duty_20ms)
    Duty_2ms                                 0x080038d9   Thumb Code   110  loop.o(i.Duty_2ms)
    Duty_50ms                                0x08003955   Thumb Code    14  loop.o(i.Duty_50ms)
    Duty_6ms                                 0x08003965   Thumb Code    58  loop.o(i.Duty_6ms)
    EP1_OUT_Callback                         0x080039a9   Thumb Code    28  usb_endp.o(i.EP1_OUT_Callback)
    EP2_IN_Callback                          0x080039cd   Thumb Code    20  usb_endp.o(i.EP2_IN_Callback)
    Enter_LowPowerMode                       0x080039e5   Thumb Code     8  usb_config.o(i.Enter_LowPowerMode)
    FLASH_ErasePage                          0x080039f1   Thumb Code    72  stm32f10x_flash.o(i.FLASH_ErasePage)
    FLASH_GetBank1Status                     0x08003a3d   Thumb Code    48  stm32f10x_flash.o(i.FLASH_GetBank1Status)
    FLASH_ProgramHalfWord                    0x08003a71   Thumb Code    60  stm32f10x_flash.o(i.FLASH_ProgramHalfWord)
    FLASH_Unlock                             0x08003ab1   Thumb Code    12  stm32f10x_flash.o(i.FLASH_Unlock)
    FLASH_WaitForLastOperation               0x08003ac9   Thumb Code    38  stm32f10x_flash.o(i.FLASH_WaitForLastOperation)
    GPIO_Init                                0x08003aef   Thumb Code   278  stm32f10x_gpio.o(i.GPIO_Init)
    GPIO_PinRemapConfig                      0x08003c05   Thumb Code   138  stm32f10x_gpio.o(i.GPIO_PinRemapConfig)
    GPIO_ResetBits                           0x08003c95   Thumb Code     4  stm32f10x_gpio.o(i.GPIO_ResetBits)
    GPIO_SetBits                             0x08003c99   Thumb Code     4  stm32f10x_gpio.o(i.GPIO_SetBits)
    GPIO_StructInit                          0x08003c9d   Thumb Code    16  stm32f10x_gpio.o(i.GPIO_StructInit)
    GetEPRxAddr                              0x08003cad   Thumb Code    24  usb_regs.o(i.GetEPRxAddr)
    GetEPTxAddr                              0x08003ccd   Thumb Code    22  usb_regs.o(i.GetEPTxAddr)
    GetSysTime_us                            0x08003ced   Thumb Code    58  bsp_systick.o(i.GetSysTime_us)
    Get_SerialNum                            0x08003d31   Thumb Code    62  usb_config.o(i.Get_SerialNum)
    I2c_Soft_Ask                             0x08003d79   Thumb Code    46  i2c_soft.o(i.I2c_Soft_Ask)
    I2c_Soft_Init                            0x08003dad   Thumb Code    64  i2c_soft.o(i.I2c_Soft_Init)
    I2c_Soft_NoAsk                           0x08003df1   Thumb Code    48  i2c_soft.o(i.I2c_Soft_NoAsk)
    I2c_Soft_ReadByte                        0x08003e25   Thumb Code    92  i2c_soft.o(i.I2c_Soft_ReadByte)
    I2c_Soft_SendByte                        0x08003e85   Thumb Code    76  i2c_soft.o(i.I2c_Soft_SendByte)
    I2c_Soft_Start                           0x08003ed5   Thumb Code    84  i2c_soft.o(i.I2c_Soft_Start)
    I2c_Soft_Stop                            0x08003f2d   Thumb Code    48  i2c_soft.o(i.I2c_Soft_Stop)
    I2c_Soft_WaitAsk                         0x08003f61   Thumb Code    80  i2c_soft.o(i.I2c_Soft_WaitAsk)
    I2c_Soft_delay                           0x08003fb5   Thumb Code    10  i2c_soft.o(i.I2c_Soft_delay)
    IIC_Read_nByte                           0x08003fc1   Thumb Code   112  i2c_soft.o(i.IIC_Read_nByte)
    IIC_Write_1Byte                          0x08004035   Thumb Code    62  i2c_soft.o(i.IIC_Write_1Byte)
    IICwriteBit                              0x08004073   Thumb Code    54  ano_drv_mpu6050.o(i.IICwriteBit)
    IICwriteBits                             0x080040a9   Thumb Code   102  ano_drv_mpu6050.o(i.IICwriteBits)
    IMUupdate                                0x08004111   Thumb Code  1354  ano_imu.o(i.IMUupdate)
    In0_Process                              0x08004681   Thumb Code    98  usb_core.o(i.In0_Process)
    LED_1ms_DRV                              0x080046f1   Thumb Code    62  ano_drv_led.o(i.LED_1ms_DRV)
    LED_Dyty                                 0x0800473d   Thumb Code    42  ano_drv_led.o(i.LED_Dyty)
    LPF_1                                    0x0800476d   Thumb Code    94  filter.o(i.LPF_1)
    Leave_LowPowerMode                       0x080047d1   Thumb Code    22  usb_config.o(i.Leave_LowPowerMode)
    Loop_check                               0x080047f1   Thumb Code   106  loop.o(i.Loop_check)
    MPU6050_Data_Offset                      0x08004861   Thumb Code   432  ano_drv_mpu6050.o(i.MPU6050_Data_Offset)
    MPU6050_Data_Prepare                     0x08004a29   Thumb Code   778  ano_drv_mpu6050.o(i.MPU6050_Data_Prepare)
    MPU6050_INT_Config                       0x08004d7d   Thumb Code     2  ano_drv_mpu6050.o(i.MPU6050_INT_Config)
    MPU6050_Init                             0x08004d81   Thumb Code   240  ano_drv_mpu6050.o(i.MPU6050_Init)
    MPU6050_Read                             0x08004e75   Thumb Code    16  ano_drv_mpu6050.o(i.MPU6050_Read)
    MPU6050_setClockSource                   0x08004e89   Thumb Code    20  ano_drv_mpu6050.o(i.MPU6050_setClockSource)
    MPU6050_setDLPF                          0x08004e9d   Thumb Code    20  ano_drv_mpu6050.o(i.MPU6050_setDLPF)
    MPU6050_setFullScaleAccelRange           0x08004eb1   Thumb Code    36  ano_drv_mpu6050.o(i.MPU6050_setFullScaleAccelRange)
    MPU6050_setFullScaleGyroRange            0x08004ed5   Thumb Code    36  ano_drv_mpu6050.o(i.MPU6050_setFullScaleGyroRange)
    MPU6050_setI2CBypassEnabled              0x08004ef9   Thumb Code    18  ano_drv_mpu6050.o(i.MPU6050_setI2CBypassEnabled)
    MPU6050_setI2CMasterModeEnabled          0x08004f0b   Thumb Code    18  ano_drv_mpu6050.o(i.MPU6050_setI2CMasterModeEnabled)
    MPU6050_setSleepEnabled                  0x08004f1d   Thumb Code    18  ano_drv_mpu6050.o(i.MPU6050_setSleepEnabled)
    MPU6050_set_SMPLRT_DIV                   0x08004f2f   Thumb Code    28  ano_drv_mpu6050.o(i.MPU6050_set_SMPLRT_DIV)
    MYDMA_Enable                             0x08004f4d   Thumb Code    20  ano_drv_adc.o(i.MYDMA_Enable)
    NOP_Process                              0x08004f65   Thumb Code     2  usb_core.o(i.NOP_Process)
    NVIC_Init                                0x08004f69   Thumb Code   100  misc.o(i.NVIC_Init)
    NVIC_PriorityGroupConfig                 0x08004fd9   Thumb Code    10  misc.o(i.NVIC_PriorityGroupConfig)
    OLED_Init                                0x08005131   Thumb Code   264  oled.o(i.OLED_Init)
    OLED_Screen                              0x08005249   Thumb Code    58  oled.o(i.OLED_Screen)
    OLED_SetPosition                         0x08005283   Thumb Code    40  oled.o(i.OLED_SetPosition)
    OLED_WriteByte                           0x080052ad   Thumb Code    58  oled.o(i.OLED_WriteByte)
    OLED_WriteCommand                        0x080052f1   Thumb Code    58  oled.o(i.OLED_WriteCommand)
    Out0_Process                             0x08005335   Thumb Code    70  usb_core.o(i.Out0_Process)
    PID_Save_Overtime                        0x08005385   Thumb Code    58  ano_param.o(i.PID_Save_Overtime)
    PID_calculate                            0x080053cd   Thumb Code   314  ano_pid.o(i.PID_calculate)
    PMAToUserBufferCopy                      0x0800550d   Thumb Code    34  usb_mem.o(i.PMAToUserBufferCopy)
    Post0_Process                            0x08005535   Thumb Code    54  usb_core.o(i.Post0_Process)
    PowerOn                                  0x0800557d   Thumb Code    54  usb_pwr.o(i.PowerOn)
    RCC_ADCCLKConfig                         0x080055bd   Thumb Code    18  stm32f10x_rcc.o(i.RCC_ADCCLKConfig)
    RCC_AHBPeriphClockCmd                    0x080055d5   Thumb Code    26  stm32f10x_rcc.o(i.RCC_AHBPeriphClockCmd)
    RCC_APB1PeriphClockCmd                   0x080055f5   Thumb Code    26  stm32f10x_rcc.o(i.RCC_APB1PeriphClockCmd)
    RCC_APB2PeriphClockCmd                   0x08005615   Thumb Code    26  stm32f10x_rcc.o(i.RCC_APB2PeriphClockCmd)
    RCC_APB2PeriphResetCmd                   0x08005635   Thumb Code    26  stm32f10x_rcc.o(i.RCC_APB2PeriphResetCmd)
    RCC_GetClocksFreq                        0x08005655   Thumb Code   192  stm32f10x_rcc.o(i.RCC_GetClocksFreq)
    RCC_USBCLKConfig                         0x08005729   Thumb Code     6  stm32f10x_rcc.o(i.RCC_USBCLKConfig)
    RC_duty                                  0x08005735   Thumb Code    44  ano_rc.o(i.RC_duty)
    Resume                                   0x08005769   Thumb Code   168  usb_pwr.o(i.Resume)
    Resume_Init                              0x08005819   Thumb Code    30  usb_pwr.o(i.Resume_Init)
    SPI_Cmd                                  0x0800583d   Thumb Code    24  stm32f10x_spi.o(i.SPI_Cmd)
    SPI_I2S_GetFlagStatus                    0x08005855   Thumb Code    18  stm32f10x_spi.o(i.SPI_I2S_GetFlagStatus)
    SPI_I2S_ReceiveData                      0x08005867   Thumb Code     6  stm32f10x_spi.o(i.SPI_I2S_ReceiveData)
    SPI_I2S_SendData                         0x0800586d   Thumb Code     4  stm32f10x_spi.o(i.SPI_I2S_SendData)
    SPI_Init                                 0x08005871   Thumb Code    60  stm32f10x_spi.o(i.SPI_Init)
    SetBTABLE                                0x080058ad   Thumb Code    12  usb_regs.o(i.SetBTABLE)
    SetDeviceAddress                         0x080058bd   Thumb Code    62  usb_core.o(i.SetDeviceAddress)
    SetEPRxAddr                              0x08005909   Thumb Code    26  usb_regs.o(i.SetEPRxAddr)
    SetEPRxCount                             0x0800592d   Thumb Code    68  usb_regs.o(i.SetEPRxCount)
    SetEPRxStatus                            0x08005979   Thumb Code    52  usb_regs.o(i.SetEPRxStatus)
    SetEPRxValid                             0x080059b1   Thumb Code    38  usb_regs.o(i.SetEPRxValid)
    SetEPTxAddr                              0x080059dd   Thumb Code    24  usb_regs.o(i.SetEPTxAddr)
    SetEPTxCount                             0x080059fd   Thumb Code    20  usb_regs.o(i.SetEPTxCount)
    SetEPTxStatus                            0x08005a19   Thumb Code    52  usb_regs.o(i.SetEPTxStatus)
    SetEPTxValid                             0x08005a51   Thumb Code    38  usb_regs.o(i.SetEPTxValid)
    SetEPType                                0x08005a7d   Thumb Code    32  usb_regs.o(i.SetEPType)
    Set_USBClock                             0x08005b89   Thumb Code    18  usb_config.o(i.Set_USBClock)
    Setup0_Process                           0x08005b9d   Thumb Code   162  usb_core.o(i.Setup0_Process)
    Standard_ClearFeature                    0x08005c4d   Thumb Code   326  usb_core.o(i.Standard_ClearFeature)
    Standard_GetConfiguration                0x08005da9   Thumb Code    34  usb_core.o(i.Standard_GetConfiguration)
    Standard_GetDescriptorData               0x08005dd5   Thumb Code    32  usb_core.o(i.Standard_GetDescriptorData)
    Standard_GetInterface                    0x08005df9   Thumb Code    34  usb_core.o(i.Standard_GetInterface)
    Standard_GetStatus                       0x08005e25   Thumb Code   224  usb_core.o(i.Standard_GetStatus)
    Standard_SetConfiguration                0x08005f15   Thumb Code    60  usb_core.o(i.Standard_SetConfiguration)
    Standard_SetDeviceFeature                0x08005f5d   Thumb Code    30  usb_core.o(i.Standard_SetDeviceFeature)
    Standard_SetEndPointFeature              0x08005f85   Thumb Code   176  usb_core.o(i.Standard_SetEndPointFeature)
    Standard_SetInterface                    0x08006045   Thumb Code    96  usb_core.o(i.Standard_SetInterface)
    Suspend                                  0x080060b1   Thumb Code    34  usb_pwr.o(i.Suspend)
    SysTick_Handler                          0x080060d9   Thumb Code     8  stm32f10x_it.o(i.SysTick_Handler)
    SysTick_IRQ                              0x080060e1   Thumb Code    22  bsp_systick.o(i.SysTick_IRQ)
    SystemInit                               0x080060fd   Thumb Code    78  system_stm32f10x.o(i.SystemInit)
    TIM_ARRPreloadConfig                     0x0800615d   Thumb Code    24  stm32f10x_tim.o(i.TIM_ARRPreloadConfig)
    TIM_Cmd                                  0x08006175   Thumb Code    24  stm32f10x_tim.o(i.TIM_Cmd)
    TIM_OC1Init                              0x0800618d   Thumb Code   132  stm32f10x_tim.o(i.TIM_OC1Init)
    TIM_OC1PreloadConfig                     0x08006225   Thumb Code    18  stm32f10x_tim.o(i.TIM_OC1PreloadConfig)
    TIM_OC2Init                              0x08006239   Thumb Code   154  stm32f10x_tim.o(i.TIM_OC2Init)
    TIM_OC2PreloadConfig                     0x080062dd   Thumb Code    26  stm32f10x_tim.o(i.TIM_OC2PreloadConfig)
    TIM_OC3Init                              0x080062f9   Thumb Code   150  stm32f10x_tim.o(i.TIM_OC3Init)
    TIM_OC3PreloadConfig                     0x08006399   Thumb Code    18  stm32f10x_tim.o(i.TIM_OC3PreloadConfig)
    TIM_OC4Init                              0x080063ad   Thumb Code   114  stm32f10x_tim.o(i.TIM_OC4Init)
    TIM_OC4PreloadConfig                     0x08006429   Thumb Code    26  stm32f10x_tim.o(i.TIM_OC4PreloadConfig)
    TIM_OCStructInit                         0x08006443   Thumb Code    20  stm32f10x_tim.o(i.TIM_OCStructInit)
    TIM_TimeBaseInit                         0x08006459   Thumb Code   122  stm32f10x_tim.o(i.TIM_TimeBaseInit)
    TIM_TimeBaseStructInit                   0x080064fd   Thumb Code    18  stm32f10x_tim.o(i.TIM_TimeBaseStructInit)
    USART1_IRQHandler                        0x0800650f   Thumb Code     8  stm32f10x_it.o(i.USART1_IRQHandler)
    USART3_IRQHandler                        0x08006517   Thumb Code     8  stm32f10x_it.o(i.USART3_IRQHandler)
    USART_Cmd                                0x0800651f   Thumb Code    24  stm32f10x_usart.o(i.USART_Cmd)
    USART_GetFlagStatus                      0x08006537   Thumb Code    26  stm32f10x_usart.o(i.USART_GetFlagStatus)
    USART_ITConfig                           0x08006551   Thumb Code    74  stm32f10x_usart.o(i.USART_ITConfig)
    USART_Init                               0x0800659d   Thumb Code   210  stm32f10x_usart.o(i.USART_Init)
    USART_ReceiveData                        0x08006675   Thumb Code    10  stm32f10x_usart.o(i.USART_ReceiveData)
    USB_Cable_Config                         0x0800667f   Thumb Code     2  usb_config.o(i.USB_Cable_Config)
    USB_Connect                              0x08006681   Thumb Code    78  usb_config.o(i.USB_Connect)
    USB_GPIO_Configuration                   0x080066d9   Thumb Code     2  usb_config.o(i.USB_GPIO_Configuration)
    USB_HID_Init                             0x080066dd   Thumb Code    42  ano_drv_hid.o(i.USB_HID_Init)
    USB_HP_CAN1_TX_IRQHandler                0x0800670d   Thumb Code     2  stm32f10x_it.o(i.USB_HP_CAN1_TX_IRQHandler)
    USB_Init                                 0x08006711   Thumb Code    36  usb_init.o(i.USB_Init)
    USB_Interrupts_Config                    0x0800674d   Thumb Code    34  usb_config.o(i.USB_Interrupts_Config)
    USB_Istr                                 0x08006771   Thumb Code   222  usb_istr.o(i.USB_Istr)
    USB_LP_CAN1_RX0_IRQHandler               0x08006869   Thumb Code     8  stm32f10x_it.o(i.USB_LP_CAN1_RX0_IRQHandler)
    Uart1_IRQ                                0x08006871   Thumb Code   324  ano_drv_uart.o(i.Uart1_IRQ)
    Uart1_Init                               0x080069d5   Thumb Code   172  ano_drv_uart.o(i.Uart1_Init)
    Usb_Hid_Adddata                          0x08006a89   Thumb Code    36  ano_drv_hid.o(i.Usb_Hid_Adddata)
    Usb_Hid_Receive                          0x08006ab5   Thumb Code    44  ano_drv_hid.o(i.Usb_Hid_Receive)
    Usb_Hid_Send                             0x08006ae9   Thumb Code   438  ano_drv_hid.o(i.Usb_Hid_Send)
    UserToPMABufferCopy                      0x08006cb9   Thumb Code    52  usb_mem.o(i.UserToPMABufferCopy)
    __ARM_fpclassify                         0x08006cf1   Thumb Code    40  fpclassify.o(i.__ARM_fpclassify)
    __kernel_poly                            0x08006d19   Thumb Code   170  poly.o(i.__kernel_poly)
    __mathlib_dbl_infnan                     0x08006dc3   Thumb Code     6  dunder.o(i.__mathlib_dbl_infnan)
    __mathlib_dbl_infnan2                    0x08006dc9   Thumb Code     4  dunder.o(i.__mathlib_dbl_infnan2)
    __mathlib_dbl_invalid                    0x08006dcd   Thumb Code    12  dunder.o(i.__mathlib_dbl_invalid)
    __mathlib_dbl_underflow                  0x08006dd9   Thumb Code    10  dunder.o(i.__mathlib_dbl_underflow)
    __scatterload_copy                       0x08006de9   Thumb Code    14  handlers.o(i.__scatterload_copy)
    __scatterload_null                       0x08006df7   Thumb Code     2  handlers.o(i.__scatterload_null)
    __scatterload_zeroinit                   0x08006df9   Thumb Code    14  handlers.o(i.__scatterload_zeroinit)
    __set_errno                              0x08006e09   Thumb Code     6  errno.o(i.__set_errno)
    asin                                     0x08006e15   Thumb Code   572  asin.o(i.asin)
    atan                                     0x08007085   Thumb Code   474  atan.o(i.atan)
    atan2                                    0x080072a5   Thumb Code   346  atan2.o(i.atan2)
    cycleCounterInit                         0x08007425   Thumb Code    26  bsp_systick.o(i.cycleCounterInit)
    fail_safe                                0x08007449   Thumb Code    32  ano_rc.o(i.fail_safe)
    fail_safe_check                          0x0800746d   Thumb Code    48  ano_rc.o(i.fail_safe_check)
    led_breath                               0x080074a5   Thumb Code   190  ano_drv_led.o(i.led_breath)
    led_flash                                0x08007579   Thumb Code   150  ano_drv_led.o(i.led_flash)
    main                                     0x08007625   Thumb Code    16  main.o(i.main)
    main_loop                                0x08007635   Thumb Code   148  loop.o(i.main_loop)
    motor_ctrl                               0x080076cd   Thumb Code   396  ano_ctrl.o(i.motor_ctrl)
    motor_out                                0x08007869   Thumb Code    72  ano_motor.o(i.motor_out)
    mpu_type                                 0x080078b5   Thumb Code   100  ano_drv_mpu6050.o(i.mpu_type)
    my_deadzone                              0x08007925   Thumb Code    72  mymath.o(i.my_deadzone)
    my_sqrt                                  0x0800796d   Thumb Code   114  mymath.o(i.my_sqrt)
    pid_init                                 0x080079e5   Thumb Code    16  ano_ctrl.o(i.pid_init)
    pwm_out_init                             0x080079f5   Thumb Code   226  ano_motor.o(i.pwm_out_init)
    safe_div                                 0x08007ae5   Thumb Code    30  mymath.o(i.safe_div)
    second_degree                            0x08007b03   Thumb Code   112  mymath.o(i.second_degree)
    sensor_dir                               0x08007b73   Thumb Code    72  ano_drv_mpu6050.o(i.sensor_dir)
    sqrt                                     0x08007bbb   Thumb Code    76  sqrt.o(i.sqrt)
    steepest_descend                         0x08007c07   Thumb Code   400  filter.o(i.steepest_descend)
    sys_init                                 0x08007d99   Thumb Code   176  ano_init.o(i.sys_init)
    sys_time                                 0x08007e59   Thumb Code   126  time.o(i.sys_time)
    unlock                                   0x08007ee9   Thumb Code   204  ano_rc.o(i.unlock)
    CustomHID_DeviceDescriptor               0x08007fc4   Data          18  usb_desc.o(.constdata)
    CustomHID_ConfigDescriptor               0x08007fd6   Data          41  usb_desc.o(.constdata)
    CustomHID_ReportDescriptor               0x08007fff   Data          33  usb_desc.o(.constdata)
    CustomHID_StringLangID                   0x08008020   Data           4  usb_desc.o(.constdata)
    CustomHID_StringVendor                   0x08008024   Data          20  usb_desc.o(.constdata)
    CustomHID_StringProduct                  0x08008038   Data          18  usb_desc.o(.constdata)
    __mathlib_zero                           0x08008138   Data           8  qnan.o(.constdata)
    Region$$Table$$Base                      0x08008140   Number         0  anon$$obj.o(Region$$Table)
    Region$$Table$$Limit                     0x08008160   Number         0  anon$$obj.o(Region$$Table)
    ctrl_2_time                              0x20000000   Data           4  ano_ctrl.o(.data)
    ctrl_1_time                              0x20000004   Data           4  ano_ctrl.o(.data)
    ctrl_0_time                              0x20000008   Data           4  ano_ctrl.o(.data)
    thr                                      0x2000000c   Data           4  ano_ctrl.o(.data)
    thr_value                                0x20000010   Data           4  ano_ctrl.o(.data)
    exp_hspeed                               0x20000014   Data           4  ano_ctrl.o(.data)
    exp_hspeed_lpf                           0x20000018   Data           4  ano_ctrl.o(.data)
    motor                                    0x2000001c   Data           8  ano_ctrl.o(.data)
    NRF_ENABLE                               0x20000025   Data           1  ano_init.o(.data)
    flag                                     0x20000028   Data           3  ano_data.o(.data)
    gf                                       0x2000002c   Data           4  ano_data.o(.data)
    imu_data                                 0x20000030   Data          88  ano_imu.o(.data)
    err_lf_x                                 0x20000088   Data           8  ano_imu.o(.data)
    err_lf_y                                 0x20000090   Data           8  ano_imu.o(.data)
    err_lf_z                                 0x20000098   Data           8  ano_imu.o(.data)
    roll_radian                              0x200000a0   Data           4  ano_imu.o(.data)
    pitch_radian                             0x200000a4   Data           4  ano_imu.o(.data)
    q0                                       0x200000a8   Data           4  ano_imu.o(.data)
    q1                                       0x200000ac   Data           4  ano_imu.o(.data)
    q2                                       0x200000b0   Data           4  ano_imu.o(.data)
    q3                                       0x200000b4   Data           4  ano_imu.o(.data)
    exInt                                    0x200000b8   Data           4  ano_imu.o(.data)
    eyInt                                    0x200000bc   Data           4  ano_imu.o(.data)
    ezInt                                    0x200000c0   Data           4  ano_imu.o(.data)
    save_pid_en                              0x200000c4   Data           2  ano_param.o(.data)
    fly_ready                                0x200000d4   Data           1  ano_rc.o(.data)
    fly_ready_cnt                            0x200000d6   Data           2  ano_rc.o(.data)
    ADC_ConvertedValue                       0x200000da   Data           2  ano_drv_adc.o(.data)
    HID_SEND_TIMEOUT                         0x200000dc   Data           1  ano_drv_hid.o(.data)
    hid_datatemp_begin                       0x200000dd   Data           1  ano_drv_hid.o(.data)
    hid_datatemp_end                         0x200000de   Data           1  ano_drv_hid.o(.data)
    led_accuracy                             0x200000e0   Data           2  ano_drv_led.o(.data)
    on_time                                  0x200000e4   Data           4  ano_drv_led.o(.data)
    mpu6050_ok                               0x200000f0   Data           1  ano_drv_mpu6050.o(.data)
    MPU_ID                                   0x200000f1   Data           5  ano_drv_mpu6050.o(.data)
    acc_sum_cnt                              0x200000f6   Data           2  ano_drv_mpu6050.o(.data)
    gyro_sum_cnt                             0x200000f8   Data           2  ano_drv_mpu6050.o(.data)
    acc_3d_step                              0x200000fa   Data           1  ano_drv_mpu6050.o(.data)
    acc_3d_calibrate_f                       0x200000fb   Data           1  ano_drv_mpu6050.o(.data)
    TX_ADDRESS                               0x200000fc   Data           5  ano_drv_nrf24l01.o(.data)
    RX_ADDRESS                               0x20000101   Data           5  ano_drv_nrf24l01.o(.data)
    NRF_SSI                                  0x20000106   Data           1  ano_drv_nrf24l01.o(.data)
    NRF_SSI_CNT                              0x20000107   Data           1  ano_drv_nrf24l01.o(.data)
    TxCounter                                0x20000108   Data           1  ano_drv_uart.o(.data)
    count                                    0x20000109   Data           1  ano_drv_uart.o(.data)
    TxCounter3                               0x2000010d   Data           1  ano_drv_uart3.o(.data)
    count3                                   0x2000010e   Data           1  ano_drv_uart3.o(.data)
    usTicks                                  0x20000110   Data           4  bsp_systick.o(.data)
    sysTickUptime                            0x20000114   Data           4  bsp_systick.o(.data)
    mpu_test                                 0x20000118   Data           1  i2c_soft.o(.data)
    time_1h                                  0x2000011a   Data           2  time.o(.data)
    time_1m                                  0x2000011c   Data           2  time.o(.data)
    time_1s                                  0x2000011e   Data           2  time.o(.data)
    time_1ms                                 0x20000120   Data           2  time.o(.data)
    SystemCoreClock                          0x20000124   Data           4  system_stm32f10x.o(.data)
    AHBPrescTable                            0x20000128   Data          16  system_stm32f10x.o(.data)
    StatusInfo                               0x2000014c   Data           2  usb_core.o(.data)
    Data_Mul_MaxPacketSize                   0x2000014e   Data           1  usb_core.o(.data)
    EPindex                                  0x20000150   Data           1  usb_init.o(.data)
    pInformation                             0x20000154   Data           4  usb_init.o(.data)
    pProperty                                0x20000158   Data           4  usb_init.o(.data)
    SaveState                                0x2000015c   Data           2  usb_init.o(.data)
    wInterrupt_Mask                          0x2000015e   Data           2  usb_init.o(.data)
    pUser_Standard_Requests                  0x20000160   Data           4  usb_init.o(.data)
    SaveRState                               0x20000164   Data           2  usb_int.o(.data)
    SaveTState                               0x20000166   Data           2  usb_int.o(.data)
    CustomHID_StringSerial                   0x20000168   Data          26  usb_desc.o(.data)
    USB_ReceiveFlg                           0x20000182   Data           1  usb_endp.o(.data)
    wIstr                                    0x20000184   Data           2  usb_istr.o(.data)
    bIntPackSOF                              0x20000186   Data           1  usb_istr.o(.data)
    pEpInt_IN                                0x20000188   Data          28  usb_istr.o(.data)
    pEpInt_OUT                               0x200001a4   Data          28  usb_istr.o(.data)
    ProtocolValue                            0x200001c0   Data           4  usb_prop.o(.data)
    Device_Table                             0x200001c4   Data           2  usb_prop.o(.data)
    Device_Property                          0x200001c8   Data          48  usb_prop.o(.data)
    User_Standard_Requests                   0x200001f8   Data          36  usb_prop.o(.data)
    Device_Descriptor                        0x2000021c   Data           8  usb_prop.o(.data)
    Config_Descriptor                        0x20000224   Data           8  usb_prop.o(.data)
    CustomHID_Report_Descriptor              0x2000022c   Data           8  usb_prop.o(.data)
    CustomHID_Hid_Descriptor                 0x20000234   Data           8  usb_prop.o(.data)
    String_Descriptor                        0x2000023c   Data          32  usb_prop.o(.data)
    bDeviceState                             0x2000025c   Data           4  usb_pwr.o(.data)
    fSuspendEnabled                          0x20000260   Data           1  usb_pwr.o(.data)
    ResumeS                                  0x20000261   Data           2  usb_pwr.o(.data)
    loop                                     0x20000268   Data          20  loop.o(.bss)
    test_time                                0x2000027c   Data          40  loop.o(.bss)
    arg_2_rol                                0x200002a4   Data          20  ano_ctrl.o(.bss)
    arg_2_pit                                0x200002b8   Data          20  ano_ctrl.o(.bss)
    arg_2_yaw                                0x200002cc   Data          20  ano_ctrl.o(.bss)
    arg_1_rol                                0x200002e0   Data          20  ano_ctrl.o(.bss)
    arg_1_pit                                0x200002f4   Data          20  ano_ctrl.o(.bss)
    arg_1_yaw                                0x20000308   Data          20  ano_ctrl.o(.bss)
    arg_0_hs                                 0x2000031c   Data          20  ano_ctrl.o(.bss)
    val_2_rol                                0x20000330   Data          32  ano_ctrl.o(.bss)
    val_2_pit                                0x20000350   Data          32  ano_ctrl.o(.bss)
    val_2_yaw                                0x20000370   Data          32  ano_ctrl.o(.bss)
    val_1_rol                                0x20000390   Data          32  ano_ctrl.o(.bss)
    val_1_pit                                0x200003b0   Data          32  ano_ctrl.o(.bss)
    val_1_yaw                                0x200003d0   Data          32  ano_ctrl.o(.bss)
    val_0_hs                                 0x200003f0   Data          32  ano_ctrl.o(.bss)
    ctrl_1                                   0x20000410   Data          36  ano_ctrl.o(.bss)
    ctrl_2                                   0x20000434   Data          36  ano_ctrl.o(.bss)
    ANO_Param                                0x20000458   Data         160  ano_param.o(.bss)
    f                                        0x200004f8   Data          17  ano_data_transfer.o(.bss)
    data_to_send                             0x20000509   Data          50  ano_data_transfer.o(.bss)
    RX_CH                                    0x2000056e   Data          16  ano_rc.o(.bss)
    CH_N                                     0x2000057e   Data          16  ano_rc.o(.bss)
    Hid_RxData                               0x2000058e   Data          64  ano_drv_hid.o(.bss)
    hid_datatemp                             0x200005ce   Data         256  ano_drv_hid.o(.bss)
    mpu6050_buffer                           0x200006d0   Data          14  ano_drv_mpu6050.o(.bss)
    sensor                                   0x200006e0   Data          80  ano_drv_mpu6050.o(.bss)
    sum_temp                                 0x20000730   Data          28  ano_drv_mpu6050.o(.bss)
    acc_3d_cali                              0x2000074c   Data          24  ano_drv_mpu6050.o(.bss)
    steepest_ax                              0x20000764   Data          20  ano_drv_mpu6050.o(.bss)
    steepest_ay                              0x20000778   Data          20  ano_drv_mpu6050.o(.bss)
    steepest_az                              0x2000078c   Data          20  ano_drv_mpu6050.o(.bss)
    steepest_gx                              0x200007a0   Data          20  ano_drv_mpu6050.o(.bss)
    steepest_gy                              0x200007b4   Data          20  ano_drv_mpu6050.o(.bss)
    steepest_gz                              0x200007c8   Data          20  ano_drv_mpu6050.o(.bss)
    steepest_ax_arr                          0x200007dc   Data         160  ano_drv_mpu6050.o(.bss)
    steepest_ay_arr                          0x2000087c   Data         160  ano_drv_mpu6050.o(.bss)
    steepest_az_arr                          0x2000091c   Data         160  ano_drv_mpu6050.o(.bss)
    steepest_gx_arr                          0x200009bc   Data          20  ano_drv_mpu6050.o(.bss)
    steepest_gy_arr                          0x200009d0   Data          20  ano_drv_mpu6050.o(.bss)
    steepest_gz_arr                          0x200009e4   Data          20  ano_drv_mpu6050.o(.bss)
    NRF24L01_2_RXDATA                        0x200009f8   Data         255  ano_drv_nrf24l01.o(.bss)
    NRF24L01_2_TXDATA                        0x20000af7   Data         255  ano_drv_nrf24l01.o(.bss)
    TxBuffer                                 0x20000bf6   Data         256  ano_drv_uart.o(.bss)
    TxBuffer3                                0x20000df6   Data         256  ano_drv_uart3.o(.bss)
    Device_Info                              0x20000ef8   Data          28  usb_init.o(.bss)
    Transi_Buffer                            0x20000f14   Data          64  usb_endp.o(.bss)
    __initial_sp                             0x20001358   Data           0  startup_stm32f10x_md.o(STACK)



==============================================================================

Memory Map of the image

  Image Entry point : 0x080000ed

  Load Region LR_IROM1 (Base: 0x08000000, Size: 0x000083c8, Max: 0x00010000, ABSOLUTE, COMPRESSED[0x00008214])

    Execution Region ER_IROM1 (Base: 0x08000000, Size: 0x00008160, Max: 0x00010000, ABSOLUTE)

    Base Addr    Size         Type   Attr      Idx    E Section Name        Object

    0x08000000   0x000000ec   Data   RO         3325    RESET               startup_stm32f10x_md.o
    0x080000ec   0x00000000   Code   RO         4297  * .ARM.Collect$$$$00000000  mc_w.l(entry.o)
    0x080000ec   0x00000004   Code   RO         4361    .ARM.Collect$$$$00000001  mc_w.l(entry2.o)
    0x080000f0   0x00000004   Code   RO         4364    .ARM.Collect$$$$00000004  mc_w.l(entry5.o)
    0x080000f4   0x00000000   Code   RO         4366    .ARM.Collect$$$$00000008  mc_w.l(entry7b.o)
    0x080000f4   0x00000000   Code   RO         4368    .ARM.Collect$$$$0000000A  mc_w.l(entry8b.o)
    0x080000f4   0x00000008   Code   RO         4369    .ARM.Collect$$$$0000000B  mc_w.l(entry9a.o)
    0x080000fc   0x00000000   Code   RO         4371    .ARM.Collect$$$$0000000D  mc_w.l(entry10a.o)
    0x080000fc   0x00000000   Code   RO         4373    .ARM.Collect$$$$0000000F  mc_w.l(entry11a.o)
    0x080000fc   0x00000004   Code   RO         4362    .ARM.Collect$$$$00002712  mc_w.l(entry2.o)
    0x08000100   0x00000024   Code   RO         3326    .text               startup_stm32f10x_md.o
    0x08000124   0x000000b0   Code   RO         4300    .text               mf_w.l(fadd.o)
    0x080001d4   0x00000064   Code   RO         4302    .text               mf_w.l(fmul.o)
    0x08000238   0x0000007c   Code   RO         4304    .text               mf_w.l(fdiv.o)
    0x080002b4   0x0000014e   Code   RO         4306    .text               mf_w.l(dadd.o)
    0x08000402   0x000000e4   Code   RO         4308    .text               mf_w.l(dmul.o)
    0x080004e6   0x00000012   Code   RO         4310    .text               mf_w.l(fflti.o)
    0x080004f8   0x0000000a   Code   RO         4312    .text               mf_w.l(ffltui.o)
    0x08000502   0x00000032   Code   RO         4316    .text               mf_w.l(ffixi.o)
    0x08000534   0x00000028   Code   RO         4318    .text               mf_w.l(ffixui.o)
    0x0800055c   0x00000026   Code   RO         4320    .text               mf_w.l(f2d.o)
    0x08000582   0x00000038   Code   RO         4326    .text               mf_w.l(d2f.o)
    0x080005ba   0x00000002   PAD
    0x080005bc   0x00000014   Code   RO         4328    .text               mf_w.l(cfcmple.o)
    0x080005d0   0x00000014   Code   RO         4330    .text               mf_w.l(cfrcmple.o)
    0x080005e4   0x0000001e   Code   RO         4375    .text               mc_w.l(llshl.o)
    0x08000602   0x00000024   Code   RO         4377    .text               mc_w.l(llsshr.o)
    0x08000626   0x00000000   Code   RO         4386    .text               mc_w.l(iusefp.o)
    0x08000626   0x0000006e   Code   RO         4387    .text               mf_w.l(fepilogue.o)
    0x08000694   0x000000ba   Code   RO         4389    .text               mf_w.l(depilogue.o)
    0x0800074e   0x000000de   Code   RO         4391    .text               mf_w.l(ddiv.o)
    0x0800082c   0x0000002e   Code   RO         4393    .text               mf_w.l(dscalb.o)
    0x0800085a   0x000000a2   Code   RO         4395    .text               mf_w.l(dsqrt.o)
    0x080008fc   0x00000024   Code   RO         4397    .text               mc_w.l(init.o)
    0x08000920   0x00000020   Code   RO         4399    .text               mc_w.l(llushr.o)
    0x08000940   0x00000056   Code   RO         4409    .text               mc_w.l(__dczerorl2.o)
    0x08000996   0x00000002   PAD
    0x08000998   0x00000030   Code   RO          659    i.ADC1_GPIO_Config  ano_drv_adc.o
    0x080009c8   0x0000000c   Code   RO          660    i.ADC1_Init         ano_drv_adc.o
    0x080009d4   0x000000e4   Code   RO          661    i.ADC1_Mode_Config  ano_drv_adc.o
    0x08000ab8   0x00000016   Code   RO         1618    i.ADC_Cmd           stm32f10x_adc.o
    0x08000ace   0x00000016   Code   RO         1619    i.ADC_DMACmd        stm32f10x_adc.o
    0x08000ae4   0x0000005c   Code   RO         1620    i.ADC_DeInit        stm32f10x_adc.o
    0x08000b40   0x00000014   Code   RO         1626    i.ADC_GetCalibrationStatus  stm32f10x_adc.o
    0x08000b54   0x00000014   Code   RO         1632    i.ADC_GetResetCalibrationStatus  stm32f10x_adc.o
    0x08000b68   0x00000050   Code   RO         1636    i.ADC_Init          stm32f10x_adc.o
    0x08000bb8   0x000000b8   Code   RO         1640    i.ADC_RegularChannelConfig  stm32f10x_adc.o
    0x08000c70   0x0000000a   Code   RO         1641    i.ADC_ResetCalibration  stm32f10x_adc.o
    0x08000c7a   0x00000016   Code   RO         1643    i.ADC_SoftwareStartConvCmd  stm32f10x_adc.o
    0x08000c90   0x0000000a   Code   RO         1645    i.ADC_StartCalibration  stm32f10x_adc.o
    0x08000c9a   0x00000002   PAD
    0x08000c9c   0x00000414   Code   RO          512    i.ANO_DT_Data_Exchange  ano_data_transfer.o
    0x080010b0   0x000002c0   Code   RO          513    i.ANO_DT_Data_Receive_Anl  ano_data_transfer.o
    0x08001370   0x00000044   Code   RO          515    i.ANO_DT_Send_Check  ano_data_transfer.o
    0x080013b4   0x00000010   Code   RO          516    i.ANO_DT_Send_Data  ano_data_transfer.o
    0x080013c4   0x0000012c   Code   RO          518    i.ANO_DT_Send_MotoPWM  ano_data_transfer.o
    0x080014f0   0x00000184   Code   RO          519    i.ANO_DT_Send_PID   ano_data_transfer.o
    0x08001674   0x0000008c   Code   RO          520    i.ANO_DT_Send_Power  ano_data_transfer.o
    0x08001700   0x00000164   Code   RO          521    i.ANO_DT_Send_RCData  ano_data_transfer.o
    0x08001864   0x0000019c   Code   RO          522    i.ANO_DT_Send_Senser  ano_data_transfer.o
    0x08001a00   0x00000144   Code   RO          525    i.ANO_DT_Send_Status  ano_data_transfer.o
    0x08001b44   0x000000f8   Code   RO          526    i.ANO_DT_Send_User  ano_data_transfer.o
    0x08001c3c   0x000000c4   Code   RO          527    i.ANO_DT_Send_Version  ano_data_transfer.o
    0x08001d00   0x00000044   Code   RO         1497    i.ANO_Flash_Read    ano_drv_flash.o
    0x08001d44   0x00000068   Code   RO         1498    i.ANO_Flash_Write   ano_drv_flash.o
    0x08001dac   0x00000010   Code   RO          767    i.ANO_LED_0_OFF     ano_drv_led.o
    0x08001dbc   0x00000010   Code   RO          768    i.ANO_LED_0_ON      ano_drv_led.o
    0x08001dcc   0x00000068   Code   RO          769    i.ANO_LED_Init      ano_drv_led.o
    0x08001e34   0x00000044   Code   RO          947    i.ANO_NRF_Check     ano_drv_nrf24l01.o
    0x08001e78   0x00000074   Code   RO          948    i.ANO_NRF_Check_Event  ano_drv_nrf24l01.o
    0x08001eec   0x000000e8   Code   RO          949    i.ANO_NRF_Init      ano_drv_nrf24l01.o
    0x08001fd4   0x00000034   Code   RO          950    i.ANO_NRF_Read_Buf  ano_drv_nrf24l01.o
    0x08002008   0x0000001e   Code   RO          951    i.ANO_NRF_Read_Reg  ano_drv_nrf24l01.o
    0x08002026   0x00000002   PAD
    0x08002028   0x00000020   Code   RO          952    i.ANO_NRF_TxPacket  ano_drv_nrf24l01.o
    0x08002048   0x00000032   Code   RO          954    i.ANO_NRF_Write_Buf  ano_drv_nrf24l01.o
    0x0800207a   0x00000020   Code   RO          955    i.ANO_NRF_Write_Reg  ano_drv_nrf24l01.o
    0x0800209a   0x00000002   PAD
    0x0800209c   0x0000008c   Code   RO          475    i.ANO_Param_Init    ano_param.o
    0x08002128   0x0000001c   Code   RO          476    i.ANO_Param_Read    ano_param.o
    0x08002144   0x00000014   Code   RO          477    i.ANO_Param_Save    ano_param.o
    0x08002158   0x00000014   Code   RO         1014    i.ANO_SPI_CSN_H     ano_drv_spi.o
    0x0800216c   0x00000014   Code   RO         1015    i.ANO_SPI_CSN_L     ano_drv_spi.o
    0x08002180   0x000000a8   Code   RO         1016    i.ANO_SPI_Init      ano_drv_spi.o
    0x08002228   0x00000038   Code   RO         1017    i.ANO_SPI_RW        ano_drv_spi.o
    0x08002260   0x00000090   Code   RO         1092    i.ANO_UART3_IRQ     ano_drv_uart3.o
    0x080022f0   0x0000000c   Code   RO         3547    i.ByteSwap          usb_regs.o
    0x080022fc   0x00000038   Code   RO          252    i.CTRL_0            ano_ctrl.o
    0x08002334   0x00000078   Code   RO          253    i.CTRL_0_PID_Init   ano_ctrl.o
    0x080023ac   0x0000009c   Code   RO          254    i.CTRL_1            ano_ctrl.o
    0x08002448   0x0000014c   Code   RO          255    i.CTRL_1_PID_Init   ano_ctrl.o
    0x08002594   0x00000070   Code   RO          256    i.CTRL_2            ano_ctrl.o
    0x08002604   0x00000134   Code   RO          257    i.CTRL_2_PID_Init   ano_ctrl.o
    0x08002738   0x000004ac   Code   RO          258    i.CTRL_Duty         ano_ctrl.o
    0x08002be4   0x00000328   Code   RO         3500    i.CTR_LP            usb_int.o
    0x08002f0c   0x00000034   Code   RO         3548    i.ClearDTOG_RX      usb_regs.o
    0x08002f40   0x00000034   Code   RO         3549    i.ClearDTOG_TX      usb_regs.o
    0x08002f74   0x00000020   Code   RO         3554    i.Clear_Status_Out  usb_regs.o
    0x08002f94   0x0000007c   Code   RO         4049    i.CustomHID_Data_Setup  usb_prop.o
    0x08003010   0x00000014   Code   RO         4050    i.CustomHID_GetConfigDescriptor  usb_prop.o
    0x08003024   0x00000014   Code   RO         4051    i.CustomHID_GetDeviceDescriptor  usb_prop.o
    0x08003038   0x00000014   Code   RO         4052    i.CustomHID_GetHIDDescriptor  usb_prop.o
    0x0800304c   0x0000001c   Code   RO         4053    i.CustomHID_GetProtocolValue  usb_prop.o
    0x08003068   0x00000014   Code   RO         4054    i.CustomHID_GetReportDescriptor  usb_prop.o
    0x0800307c   0x00000028   Code   RO         4055    i.CustomHID_GetStringDescriptor  usb_prop.o
    0x080030a4   0x00000016   Code   RO         4056    i.CustomHID_Get_Interface_Setting  usb_prop.o
    0x080030ba   0x00000002   PAD
    0x080030bc   0x00000024   Code   RO         4057    i.CustomHID_NoData_Setup  usb_prop.o
    0x080030e0   0x000000c0   Code   RO         4058    i.CustomHID_Reset   usb_prop.o
    0x080031a0   0x00000018   Code   RO         4059    i.CustomHID_SetConfiguration  usb_prop.o
    0x080031b8   0x0000000c   Code   RO         4060    i.CustomHID_SetDeviceAddress  usb_prop.o
    0x080031c4   0x00000018   Code   RO         4061    i.CustomHID_SetProtocol  usb_prop.o
    0x080031dc   0x00000002   Code   RO         4062    i.CustomHID_Status_In  usb_prop.o
    0x080031de   0x00000002   Code   RO         4063    i.CustomHID_Status_Out  usb_prop.o
    0x080031e0   0x00000044   Code   RO         4064    i.CustomHID_init    usb_prop.o
    0x08003224   0x00000030   Code   RO         1136    i.DMA1_Channel1_IRQHandler  stm32f10x_it.o
    0x08003254   0x0000001c   Code   RO         1835    i.DMA_ClearITPendingBit  stm32f10x_dma.o
    0x08003270   0x00000018   Code   RO         1836    i.DMA_Cmd           stm32f10x_dma.o
    0x08003288   0x0000014c   Code   RO         1837    i.DMA_DeInit        stm32f10x_dma.o
    0x080033d4   0x0000002c   Code   RO         1840    i.DMA_GetITStatus   stm32f10x_dma.o
    0x08003400   0x0000003c   Code   RO         1842    i.DMA_Init          stm32f10x_dma.o
    0x0800343c   0x000000c0   Code   RO         3330    i.DataStageIn       usb_core.o
    0x080034fc   0x000000bc   Code   RO         3331    i.DataStageOut      usb_core.o
    0x080035b8   0x00000298   Code   RO         3332    i.Data_Setup0       usb_core.o
    0x08003850   0x00000012   Code   RO         1184    i.Delay             bsp_systick.o
    0x08003862   0x0000001a   Code   RO         1185    i.Delay_ms          bsp_systick.o
    0x0800387c   0x00000018   Code   RO         1186    i.Delay_us          bsp_systick.o
    0x08003894   0x00000030   Code   RO          141    i.Duty_1000ms       loop.o
    0x080038c4   0x00000002   Code   RO          142    i.Duty_10ms         loop.o
    0x080038c6   0x00000002   PAD
    0x080038c8   0x00000010   Code   RO          143    i.Duty_20ms         loop.o
    0x080038d8   0x0000007c   Code   RO          144    i.Duty_2ms          loop.o
    0x08003954   0x0000000e   Code   RO          145    i.Duty_50ms         loop.o
    0x08003962   0x00000002   PAD
    0x08003964   0x00000044   Code   RO          146    i.Duty_6ms          loop.o
    0x080039a8   0x00000024   Code   RO         3995    i.EP1_OUT_Callback  usb_endp.o
    0x080039cc   0x00000018   Code   RO         3996    i.EP2_IN_Callback   usb_endp.o
    0x080039e4   0x0000000c   Code   RO         3908    i.Enter_LowPowerMode  usb_config.o
    0x080039f0   0x0000004c   Code   RO         1968    i.FLASH_ErasePage   stm32f10x_flash.o
    0x08003a3c   0x00000034   Code   RO         1969    i.FLASH_GetBank1Status  stm32f10x_flash.o
    0x08003a70   0x00000040   Code   RO         1981    i.FLASH_ProgramHalfWord  stm32f10x_flash.o
    0x08003ab0   0x00000018   Code   RO         1986    i.FLASH_Unlock      stm32f10x_flash.o
    0x08003ac8   0x00000026   Code   RO         1990    i.FLASH_WaitForLastOperation  stm32f10x_flash.o
    0x08003aee   0x00000116   Code   RO         2143    i.GPIO_Init         stm32f10x_gpio.o
    0x08003c04   0x00000090   Code   RO         2145    i.GPIO_PinRemapConfig  stm32f10x_gpio.o
    0x08003c94   0x00000004   Code   RO         2150    i.GPIO_ResetBits    stm32f10x_gpio.o
    0x08003c98   0x00000004   Code   RO         2151    i.GPIO_SetBits      stm32f10x_gpio.o
    0x08003c9c   0x00000010   Code   RO         2152    i.GPIO_StructInit   stm32f10x_gpio.o
    0x08003cac   0x00000020   Code   RO         3566    i.GetEPRxAddr       usb_regs.o
    0x08003ccc   0x00000020   Code   RO         3569    i.GetEPTxAddr       usb_regs.o
    0x08003cec   0x00000044   Code   RO         1187    i.GetSysTime_us     bsp_systick.o
    0x08003d30   0x00000048   Code   RO         3909    i.Get_SerialNum     usb_config.o
    0x08003d78   0x00000034   Code   RO         1239    i.I2c_Soft_Ask      i2c_soft.o
    0x08003dac   0x00000044   Code   RO         1240    i.I2c_Soft_Init     i2c_soft.o
    0x08003df0   0x00000034   Code   RO         1241    i.I2c_Soft_NoAsk    i2c_soft.o
    0x08003e24   0x00000060   Code   RO         1242    i.I2c_Soft_ReadByte  i2c_soft.o
    0x08003e84   0x00000050   Code   RO         1243    i.I2c_Soft_SendByte  i2c_soft.o
    0x08003ed4   0x00000058   Code   RO         1244    i.I2c_Soft_Start    i2c_soft.o
    0x08003f2c   0x00000034   Code   RO         1245    i.I2c_Soft_Stop     i2c_soft.o
    0x08003f60   0x00000054   Code   RO         1246    i.I2c_Soft_WaitAsk  i2c_soft.o
    0x08003fb4   0x0000000a   Code   RO         1247    i.I2c_Soft_delay    i2c_soft.o
    0x08003fbe   0x00000002   PAD
    0x08003fc0   0x00000074   Code   RO         1249    i.IIC_Read_nByte    i2c_soft.o
    0x08004034   0x0000003e   Code   RO         1250    i.IIC_Write_1Byte   i2c_soft.o
    0x08004072   0x00000036   Code   RO          825    i.IICwriteBit       ano_drv_mpu6050.o
    0x080040a8   0x00000066   Code   RO          826    i.IICwriteBits      ano_drv_mpu6050.o
    0x0800410e   0x00000002   PAD
    0x08004110   0x00000570   Code   RO          448    i.IMUupdate         ano_imu.o
    0x08004680   0x00000070   Code   RO         3333    i.In0_Process       usb_core.o
    0x080046f0   0x0000004c   Code   RO          770    i.LED_1ms_DRV       ano_drv_led.o
    0x0800473c   0x00000030   Code   RO          771    i.LED_Dyty          ano_drv_led.o
    0x0800476c   0x00000064   Code   RO          387    i.LPF_1             filter.o
    0x080047d0   0x00000020   Code   RO         3910    i.Leave_LowPowerMode  usb_config.o
    0x080047f0   0x00000070   Code   RO          147    i.Loop_check        loop.o
    0x08004860   0x000001c8   Code   RO          827    i.MPU6050_Data_Offset  ano_drv_mpu6050.o
    0x08004a28   0x00000354   Code   RO          828    i.MPU6050_Data_Prepare  ano_drv_mpu6050.o
    0x08004d7c   0x00000002   Code   RO          829    i.MPU6050_INT_Config  ano_drv_mpu6050.o
    0x08004d7e   0x00000002   PAD
    0x08004d80   0x000000f4   Code   RO          830    i.MPU6050_Init      ano_drv_mpu6050.o
    0x08004e74   0x00000014   Code   RO          831    i.MPU6050_Read      ano_drv_mpu6050.o
    0x08004e88   0x00000014   Code   RO          832    i.MPU6050_setClockSource  ano_drv_mpu6050.o
    0x08004e9c   0x00000014   Code   RO          833    i.MPU6050_setDLPF   ano_drv_mpu6050.o
    0x08004eb0   0x00000024   Code   RO          834    i.MPU6050_setFullScaleAccelRange  ano_drv_mpu6050.o
    0x08004ed4   0x00000024   Code   RO          835    i.MPU6050_setFullScaleGyroRange  ano_drv_mpu6050.o
    0x08004ef8   0x00000012   Code   RO          836    i.MPU6050_setI2CBypassEnabled  ano_drv_mpu6050.o
    0x08004f0a   0x00000012   Code   RO          837    i.MPU6050_setI2CMasterModeEnabled  ano_drv_mpu6050.o
    0x08004f1c   0x00000012   Code   RO          838    i.MPU6050_setSleepEnabled  ano_drv_mpu6050.o
    0x08004f2e   0x0000001c   Code   RO          839    i.MPU6050_set_SMPLRT_DIV  ano_drv_mpu6050.o
    0x08004f4a   0x00000002   PAD
    0x08004f4c   0x00000018   Code   RO          662    i.MYDMA_Enable      ano_drv_adc.o
    0x08004f64   0x00000002   Code   RO         3334    i.NOP_Process       usb_core.o
    0x08004f66   0x00000002   PAD
    0x08004f68   0x00000070   Code   RO         1576    i.NVIC_Init         misc.o
    0x08004fd8   0x00000014   Code   RO         1577    i.NVIC_PriorityGroupConfig  misc.o
    0x08004fec   0x00000144   Code   RO         3335    i.NoData_Setup0     usb_core.o
    0x08005130   0x00000118   Code   RO         4204    i.OLED_Init         oled.o
    0x08005248   0x0000003a   Code   RO         4205    i.OLED_Screen       oled.o
    0x08005282   0x00000028   Code   RO         4206    i.OLED_SetPosition  oled.o
    0x080052aa   0x00000002   PAD
    0x080052ac   0x00000044   Code   RO         4209    i.OLED_WriteByte    oled.o
    0x080052f0   0x00000044   Code   RO         4210    i.OLED_WriteCommand  oled.o
    0x08005334   0x00000050   Code   RO         3336    i.Out0_Process      usb_core.o
    0x08005384   0x00000048   Code   RO          478    i.PID_Save_Overtime  ano_param.o
    0x080053cc   0x00000140   Code   RO          375    i.PID_calculate     ano_pid.o
    0x0800550c   0x00000028   Code   RO         3529    i.PMAToUserBufferCopy  usb_mem.o
    0x08005534   0x00000048   Code   RO         3337    i.Post0_Process     usb_core.o
    0x0800557c   0x00000040   Code   RO         4163    i.PowerOn           usb_pwr.o
    0x080055bc   0x00000018   Code   RO         2251    i.RCC_ADCCLKConfig  stm32f10x_rcc.o
    0x080055d4   0x00000020   Code   RO         2252    i.RCC_AHBPeriphClockCmd  stm32f10x_rcc.o
    0x080055f4   0x00000020   Code   RO         2253    i.RCC_APB1PeriphClockCmd  stm32f10x_rcc.o
    0x08005614   0x00000020   Code   RO         2255    i.RCC_APB2PeriphClockCmd  stm32f10x_rcc.o
    0x08005634   0x00000020   Code   RO         2256    i.RCC_APB2PeriphResetCmd  stm32f10x_rcc.o
    0x08005654   0x000000d4   Code   RO         2263    i.RCC_GetClocksFreq  stm32f10x_rcc.o
    0x08005728   0x0000000c   Code   RO         2281    i.RCC_USBCLKConfig  stm32f10x_rcc.o
    0x08005734   0x00000034   Code   RO          621    i.RC_duty           ano_rc.o
    0x08005768   0x000000b0   Code   RO         4164    i.Resume            usb_pwr.o
    0x08005818   0x00000024   Code   RO         4165    i.Resume_Init       usb_pwr.o
    0x0800583c   0x00000018   Code   RO         2456    i.SPI_Cmd           stm32f10x_spi.o
    0x08005854   0x00000012   Code   RO         2464    i.SPI_I2S_GetFlagStatus  stm32f10x_spi.o
    0x08005866   0x00000006   Code   RO         2467    i.SPI_I2S_ReceiveData  stm32f10x_spi.o
    0x0800586c   0x00000004   Code   RO         2468    i.SPI_I2S_SendData  stm32f10x_spi.o
    0x08005870   0x0000003c   Code   RO         2469    i.SPI_Init          stm32f10x_spi.o
    0x080058ac   0x00000010   Code   RO         3577    i.SetBTABLE         usb_regs.o
    0x080058bc   0x0000004c   Code   RO         3338    i.SetDeviceAddress  usb_core.o
    0x08005908   0x00000024   Code   RO         3591    i.SetEPRxAddr       usb_regs.o
    0x0800592c   0x0000004c   Code   RO         3592    i.SetEPRxCount      usb_regs.o
    0x08005978   0x00000038   Code   RO         3593    i.SetEPRxStatus     usb_regs.o
    0x080059b0   0x0000002c   Code   RO         3594    i.SetEPRxValid      usb_regs.o
    0x080059dc   0x00000020   Code   RO         3595    i.SetEPTxAddr       usb_regs.o
    0x080059fc   0x0000001c   Code   RO         3596    i.SetEPTxCount      usb_regs.o
    0x08005a18   0x00000038   Code   RO         3597    i.SetEPTxStatus     usb_regs.o
    0x08005a50   0x0000002c   Code   RO         3598    i.SetEPTxValid      usb_regs.o
    0x08005a7c   0x00000024   Code   RO         3599    i.SetEPType         usb_regs.o
    0x08005aa0   0x00000008   Code   RO         1529    i.SetSysClock       system_stm32f10x.o
    0x08005aa8   0x000000e0   Code   RO         1530    i.SetSysClockTo72   system_stm32f10x.o
    0x08005b88   0x00000012   Code   RO         3911    i.Set_USBClock      usb_config.o
    0x08005b9a   0x00000002   PAD
    0x08005b9c   0x000000b0   Code   RO         3339    i.Setup0_Process    usb_core.o
    0x08005c4c   0x0000015c   Code   RO         3340    i.Standard_ClearFeature  usb_core.o
    0x08005da8   0x0000002c   Code   RO         3341    i.Standard_GetConfiguration  usb_core.o
    0x08005dd4   0x00000024   Code   RO         3342    i.Standard_GetDescriptorData  usb_core.o
    0x08005df8   0x0000002c   Code   RO         3343    i.Standard_GetInterface  usb_core.o
    0x08005e24   0x000000f0   Code   RO         3344    i.Standard_GetStatus  usb_core.o
    0x08005f14   0x00000048   Code   RO         3345    i.Standard_SetConfiguration  usb_core.o
    0x08005f5c   0x00000028   Code   RO         3346    i.Standard_SetDeviceFeature  usb_core.o
    0x08005f84   0x000000c0   Code   RO         3347    i.Standard_SetEndPointFeature  usb_core.o
    0x08006044   0x0000006c   Code   RO         3348    i.Standard_SetInterface  usb_core.o
    0x080060b0   0x00000028   Code   RO         4166    i.Suspend           usb_pwr.o
    0x080060d8   0x00000008   Code   RO         1137    i.SysTick_Handler   stm32f10x_it.o
    0x080060e0   0x0000001c   Code   RO         1188    i.SysTick_IRQ       bsp_systick.o
    0x080060fc   0x00000060   Code   RO         1532    i.SystemInit        system_stm32f10x.o
    0x0800615c   0x00000018   Code   RO         2599    i.TIM_ARRPreloadConfig  stm32f10x_tim.o
    0x08006174   0x00000018   Code   RO         2611    i.TIM_Cmd           stm32f10x_tim.o
    0x0800618c   0x00000098   Code   RO         2640    i.TIM_OC1Init       stm32f10x_tim.o
    0x08006224   0x00000012   Code   RO         2643    i.TIM_OC1PreloadConfig  stm32f10x_tim.o
    0x08006236   0x00000002   PAD
    0x08006238   0x000000a4   Code   RO         2645    i.TIM_OC2Init       stm32f10x_tim.o
    0x080062dc   0x0000001a   Code   RO         2648    i.TIM_OC2PreloadConfig  stm32f10x_tim.o
    0x080062f6   0x00000002   PAD
    0x080062f8   0x000000a0   Code   RO         2650    i.TIM_OC3Init       stm32f10x_tim.o
    0x08006398   0x00000012   Code   RO         2653    i.TIM_OC3PreloadConfig  stm32f10x_tim.o
    0x080063aa   0x00000002   PAD
    0x080063ac   0x0000007c   Code   RO         2655    i.TIM_OC4Init       stm32f10x_tim.o
    0x08006428   0x0000001a   Code   RO         2657    i.TIM_OC4PreloadConfig  stm32f10x_tim.o
    0x08006442   0x00000014   Code   RO         2658    i.TIM_OCStructInit  stm32f10x_tim.o
    0x08006456   0x00000002   PAD
    0x08006458   0x000000a4   Code   RO         2682    i.TIM_TimeBaseInit  stm32f10x_tim.o
    0x080064fc   0x00000012   Code   RO         2683    i.TIM_TimeBaseStructInit  stm32f10x_tim.o
    0x0800650e   0x00000008   Code   RO         1138    i.USART1_IRQHandler  stm32f10x_it.o
    0x08006516   0x00000008   Code   RO         1139    i.USART3_IRQHandler  stm32f10x_it.o
    0x0800651e   0x00000018   Code   RO         3147    i.USART_Cmd         stm32f10x_usart.o
    0x08006536   0x0000001a   Code   RO         3150    i.USART_GetFlagStatus  stm32f10x_usart.o
    0x08006550   0x0000004a   Code   RO         3153    i.USART_ITConfig    stm32f10x_usart.o
    0x0800659a   0x00000002   PAD
    0x0800659c   0x000000d8   Code   RO         3154    i.USART_Init        stm32f10x_usart.o
    0x08006674   0x0000000a   Code   RO         3161    i.USART_ReceiveData  stm32f10x_usart.o
    0x0800667e   0x00000002   Code   RO         3912    i.USB_Cable_Config  usb_config.o
    0x08006680   0x00000058   Code   RO         3913    i.USB_Connect       usb_config.o
    0x080066d8   0x00000002   Code   RO         3914    i.USB_GPIO_Configuration  usb_config.o
    0x080066da   0x00000002   PAD
    0x080066dc   0x00000030   Code   RO          726    i.USB_HID_Init      ano_drv_hid.o
    0x0800670c   0x00000002   Code   RO         1140    i.USB_HP_CAN1_TX_IRQHandler  stm32f10x_it.o
    0x0800670e   0x00000002   PAD
    0x08006710   0x0000003c   Code   RO         3476    i.USB_Init          usb_init.o
    0x0800674c   0x00000022   Code   RO         3915    i.USB_Interrupts_Config  usb_config.o
    0x0800676e   0x00000002   PAD
    0x08006770   0x000000f8   Code   RO         4028    i.USB_Istr          usb_istr.o
    0x08006868   0x00000008   Code   RO         1141    i.USB_LP_CAN1_RX0_IRQHandler  stm32f10x_it.o
    0x08006870   0x00000164   Code   RO         1045    i.Uart1_IRQ         ano_drv_uart.o
    0x080069d4   0x000000b4   Code   RO         1046    i.Uart1_Init        ano_drv_uart.o
    0x08006a88   0x0000002c   Code   RO          727    i.Usb_Hid_Adddata   ano_drv_hid.o
    0x08006ab4   0x00000034   Code   RO          728    i.Usb_Hid_Receive   ano_drv_hid.o
    0x08006ae8   0x000001d0   Code   RO          729    i.Usb_Hid_Send      ano_drv_hid.o
    0x08006cb8   0x00000038   Code   RO         3530    i.UserToPMABufferCopy  usb_mem.o
    0x08006cf0   0x00000028   Code   RO         4356    i.__ARM_fpclassify  m_ws.l(fpclassify.o)
    0x08006d18   0x000000aa   Code   RO         4358    i.__kernel_poly     m_ws.l(poly.o)
    0x08006dc2   0x00000006   Code   RO         4343    i.__mathlib_dbl_infnan  m_ws.l(dunder.o)
    0x08006dc8   0x00000004   Code   RO         4344    i.__mathlib_dbl_infnan2  m_ws.l(dunder.o)
    0x08006dcc   0x0000000c   Code   RO         4345    i.__mathlib_dbl_invalid  m_ws.l(dunder.o)
    0x08006dd8   0x00000010   Code   RO         4348    i.__mathlib_dbl_underflow  m_ws.l(dunder.o)
    0x08006de8   0x0000000e   Code   RO         4403    i.__scatterload_copy  mc_w.l(handlers.o)
    0x08006df6   0x00000002   Code   RO         4404    i.__scatterload_null  mc_w.l(handlers.o)
    0x08006df8   0x0000000e   Code   RO         4405    i.__scatterload_zeroinit  mc_w.l(handlers.o)
    0x08006e06   0x00000002   PAD
    0x08006e08   0x0000000c   Code   RO         4381    i.__set_errno       mc_w.l(errno.o)
    0x08006e14   0x00000270   Code   RO         4272    i.asin              m_ws.l(asin.o)
    0x08007084   0x00000220   Code   RO         4333    i.atan              m_ws.l(atan.o)
    0x080072a4   0x00000180   Code   RO         4282    i.atan2             m_ws.l(atan2.o)
    0x08007424   0x00000024   Code   RO         1189    i.cycleCounterInit  bsp_systick.o
    0x08007448   0x00000024   Code   RO          622    i.fail_safe         ano_rc.o
    0x0800746c   0x00000038   Code   RO          623    i.fail_safe_check   ano_rc.o
    0x080074a4   0x000000d4   Code   RO          772    i.led_breath        ano_drv_led.o
    0x08007578   0x000000ac   Code   RO          773    i.led_flash         ano_drv_led.o
    0x08007624   0x00000010   Code   RO            1    i.main              main.o
    0x08007634   0x00000098   Code   RO          148    i.main_loop         loop.o
    0x080076cc   0x0000019c   Code   RO          259    i.motor_ctrl        ano_ctrl.o
    0x08007868   0x0000004c   Code   RO         1476    i.motor_out         ano_motor.o
    0x080078b4   0x00000070   Code   RO          840    i.mpu_type          ano_drv_mpu6050.o
    0x08007924   0x00000048   Code   RO         1334    i.my_deadzone       mymath.o
    0x0800796c   0x00000078   Code   RO         1340    i.my_sqrt           mymath.o
    0x080079e4   0x00000010   Code   RO          260    i.pid_init          ano_ctrl.o
    0x080079f4   0x000000f0   Code   RO         1477    i.pwm_out_init      ano_motor.o
    0x08007ae4   0x0000001e   Code   RO         1341    i.safe_div          mymath.o
    0x08007b02   0x00000070   Code   RO         1342    i.second_degree     mymath.o
    0x08007b72   0x00000048   Code   RO          841    i.sensor_dir        ano_drv_mpu6050.o
    0x08007bba   0x0000004c   Code   RO         4290    i.sqrt              m_ws.l(sqrt.o)
    0x08007c06   0x00000190   Code   RO          393    i.steepest_descend  filter.o
    0x08007d96   0x00000002   PAD
    0x08007d98   0x000000c0   Code   RO          341    i.sys_init          ano_init.o
    0x08007e58   0x00000090   Code   RO         1443    i.sys_time          time.o
    0x08007ee8   0x000000dc   Code   RO          624    i.unlock            ano_rc.o
    0x08007fc4   0x00000086   Data   RO         3982    .constdata          usb_desc.o
    0x0800804a   0x00000006   PAD
    0x08008050   0x00000050   Data   RO         4273    .constdata          m_ws.l(asin.o)
    0x080080a0   0x00000098   Data   RO         4334    .constdata          m_ws.l(atan.o)
    0x08008138   0x00000008   Data   RO         4360    .constdata          m_ws.l(qnan.o)
    0x08008140   0x00000020   Data   RO         4401    Region$$Table       anon$$obj.o


    Execution Region RW_IRAM1 (Base: 0x20000000, Size: 0x00001358, Max: 0x00005000, ABSOLUTE, COMPRESSED[0x000000b4])

    Base Addr    Size         Type   Attr      Idx    E Section Name        Object

    0x20000000   0x00000025   Data   RW          262    .data               ano_ctrl.o
    0x20000025   0x00000001   Data   RW          342    .data               ano_init.o
    0x20000026   0x00000002   PAD
    0x20000028   0x00000008   Data   RW          363    .data               ano_data.o
    0x20000030   0x00000094   Data   RW          450    .data               ano_imu.o
    0x200000c4   0x00000002   Data   RW          480    .data               ano_param.o
    0x200000c6   0x0000000d   Data   RW          529    .data               ano_data_transfer.o
    0x200000d3   0x00000001   PAD
    0x200000d4   0x00000006   Data   RW          626    .data               ano_rc.o
    0x200000da   0x00000002   Data   RW          664    .data               ano_drv_adc.o
    0x200000dc   0x00000004   Data   RW          731    .data               ano_drv_hid.o
    0x200000e0   0x00000010   Data   RW          774    .data               ano_drv_led.o
    0x200000f0   0x0000000c   Data   RW          843    .data               ano_drv_mpu6050.o
    0x200000fc   0x0000000c   Data   RW          957    .data               ano_drv_nrf24l01.o
    0x20000108   0x00000005   Data   RW         1051    .data               ano_drv_uart.o
    0x2000010d   0x00000002   Data   RW         1098    .data               ano_drv_uart3.o
    0x2000010f   0x00000001   PAD
    0x20000110   0x00000008   Data   RW         1190    .data               bsp_systick.o
    0x20000118   0x00000001   Data   RW         1252    .data               i2c_soft.o
    0x20000119   0x00000001   PAD
    0x2000011a   0x00000008   Data   RW         1444    .data               time.o
    0x20000122   0x00000002   PAD
    0x20000124   0x00000014   Data   RW         1533    .data               system_stm32f10x.o
    0x20000138   0x00000014   Data   RW         2283    .data               stm32f10x_rcc.o
    0x2000014c   0x00000003   Data   RW         3349    .data               usb_core.o
    0x2000014f   0x00000001   PAD
    0x20000150   0x00000014   Data   RW         3478    .data               usb_init.o
    0x20000164   0x00000004   Data   RW         3501    .data               usb_int.o
    0x20000168   0x0000001a   Data   RW         3983    .data               usb_desc.o
    0x20000182   0x00000001   Data   RW         3998    .data               usb_endp.o
    0x20000183   0x00000001   PAD
    0x20000184   0x0000003c   Data   RW         4029    .data               usb_istr.o
    0x200001c0   0x0000009c   Data   RW         4065    .data               usb_prop.o
    0x2000025c   0x00000007   Data   RW         4167    .data               usb_pwr.o
    0x20000263   0x00000001   PAD
    0x20000264   0x00000004   Data   RW         4382    .data               mc_w.l(errno.o)
    0x20000268   0x0000003c   Zero   RW          149    .bss                loop.o
    0x200002a4   0x000001b4   Zero   RW          261    .bss                ano_ctrl.o
    0x20000458   0x000000a0   Zero   RW          479    .bss                ano_param.o
    0x200004f8   0x00000075   Zero   RW          528    .bss                ano_data_transfer.o
    0x2000056d   0x00000001   PAD
    0x2000056e   0x00000020   Zero   RW          625    .bss                ano_rc.o
    0x2000058e   0x00000140   Zero   RW          730    .bss                ano_drv_hid.o
    0x200006ce   0x00000002   PAD
    0x200006d0   0x00000328   Zero   RW          842    .bss                ano_drv_mpu6050.o
    0x200009f8   0x000001fe   Zero   RW          956    .bss                ano_drv_nrf24l01.o
    0x20000bf6   0x00000200   Zero   RW         1050    .bss                ano_drv_uart.o
    0x20000df6   0x00000100   Zero   RW         1097    .bss                ano_drv_uart3.o
    0x20000ef6   0x00000002   PAD
    0x20000ef8   0x0000001c   Zero   RW         3477    .bss                usb_init.o
    0x20000f14   0x00000040   Zero   RW         3997    .bss                usb_endp.o
    0x20000f54   0x00000004   PAD
    0x20000f58   0x00000400   Zero   RW         3323    STACK               startup_stm32f10x_md.o


==============================================================================

Image component sizes


      Code (inc. data)   RO Data    RW Data    ZI Data      Debug   Object Name

      2708        284          0         37        436       9379   ano_ctrl.o
         0          0          0          8          0        862   ano_data.o
      4196        158          0         13        117      12499   ano_data_transfer.o
       312         22          0          2          0       2444   ano_drv_adc.o
       172         10          0          0          0       1835   ano_drv_flash.o
       608         48          0          4        320       3121   ano_drv_hid.o
       644         90          0         16          0       3883   ano_drv_led.o
      2108        118          0         12        808      23049   ano_drv_mpu6050.o
       612         30          0         12        510       6270   ano_drv_nrf24l01.o
       264         26          0          0          0       1964   ano_drv_spi.o
       536         40          0          5        512       2072   ano_drv_uart.o
       144         18          0          2        256       1122   ano_drv_uart3.o
      1392         80          0        148          0       2487   ano_imu.o
       192         16          0          1          0      16003   ano_init.o
       316         18          0          0          0       1467   ano_motor.o
       260         26          0          2        160       3035   ano_param.o
       320          6          0          0          0       1140   ano_pid.o
       364         36          0          6         32       2578   ano_rc.o
       200         26          0          8          0       3295   bsp_systick.o
         0          0          0          0          0         32   core_cm3.o
       500          6          0          0          0       2055   filter.o
       760         38          0          1          0       6363   i2c_soft.o
       536         48          0          0         60       5420   loop.o
        16          0          0          0          0     287853   main.o
       132         22          0          0          0       1435   misc.o
       334          6          0          0          0       2455   mymath.o
       514         36          0          0          0       2746   oled.o
        36          8        236          0       1024        792   startup_stm32f10x_md.o
       482         24          0          0          0       7614   stm32f10x_adc.o
       488         26          0          0          0       4364   stm32f10x_dma.o
       254         24          0          0          0       2817   stm32f10x_flash.o
       446          6          0          0          0       4200   stm32f10x_gpio.o
        82          6          0          0          0       2650   stm32f10x_it.o
       376         56          0         20          0       6361   stm32f10x_rcc.o
       112          0          0          0          0       3638   stm32f10x_spi.o
       938         92          0          0          0       8120   stm32f10x_tim.o
       350          6          0          0          0       4672   stm32f10x_usart.o
       328         28          0         20          0       2137   system_stm32f10x.o
       144         18          0          8          0        734   time.o
       260         34          0          0          0       4219   usb_config.o
      3010        288          0          3          0      16079   usb_core.o
         0          0        134         26          0        992   usb_desc.o
        60         12          0          1         64       1496   usb_endp.o
        60         24          0         20         28       3870   usb_init.o
       808         34          0          4          0       1581   usb_int.o
       248         26          0         60          0       1224   usb_istr.o
        96         10          0          0          0       1592   usb_mem.o
       654        116          0        156          0      11873   usb_prop.o
       316         38          0          7          0       3242   usb_pwr.o
       636         96          0          0          0       8304   usb_regs.o

    ----------------------------------------------------------------------
     28368       2180        408        612       4336     509435   Object Totals
         0          0         32          0          0          0   (incl. Generated)
        44          0          6         10          9          0   (incl. Padding)

    ----------------------------------------------------------------------

      Code (inc. data)   RO Data    RW Data    ZI Data      Debug   Library Member Name

       624         52         80          0          0        168   asin.o
       544         70        152          0          0        124   atan.o
       384         38          0          0          0        144   atan2.o
        38          6          0          0          0        272   dunder.o
        40          0          0          0          0         68   fpclassify.o
       170          0          0          0          0         96   poly.o
         0          0          8          0          0          0   qnan.o
        76          0          0          0          0         84   sqrt.o
        86          0          0          0          0          0   __dczerorl2.o
         0          0          0          0          0          0   entry.o
         0          0          0          0          0          0   entry10a.o
         0          0          0          0          0          0   entry11a.o
         8          4          0          0          0          0   entry2.o
         4          0          0          0          0          0   entry5.o
         0          0          0          0          0          0   entry7b.o
         0          0          0          0          0          0   entry8b.o
         8          4          0          0          0          0   entry9a.o
        12          6          0          4          0         68   errno.o
        30          0          0          0          0          0   handlers.o
        36          8          0          0          0         68   init.o
         0          0          0          0          0          0   iusefp.o
        30          0          0          0          0         68   llshl.o
        36          0          0          0          0         68   llsshr.o
        32          0          0          0          0         68   llushr.o
        20          0          0          0          0         68   cfcmple.o
        20          0          0          0          0         68   cfrcmple.o
        56          0          0          0          0         88   d2f.o
       334          0          0          0          0        148   dadd.o
       222          0          0          0          0        100   ddiv.o
       186          0          0          0          0        176   depilogue.o
       228          0          0          0          0         96   dmul.o
        46          0          0          0          0         80   dscalb.o
       162          0          0          0          0        100   dsqrt.o
        38          0          0          0          0         68   f2d.o
       176          0          0          0          0        140   fadd.o
       124          0          0          0          0         88   fdiv.o
       110          0          0          0          0        168   fepilogue.o
        50          0          0          0          0         68   ffixi.o
        40          0          0          0          0         68   ffixui.o
        18          0          0          0          0         68   fflti.o
        10          0          0          0          0         68   ffltui.o
       100          0          0          0          0         76   fmul.o

    ----------------------------------------------------------------------
      4104        188        240          4          0       3032   Library Totals
         6          0          0          0          0          0   (incl. Padding)

    ----------------------------------------------------------------------

      Code (inc. data)   RO Data    RW Data    ZI Data      Debug   Library Name

      1876        166        240          0          0        956   m_ws.l
       282         22          0          4          0        340   mc_w.l
      1940          0          0          0          0       1736   mf_w.l

    ----------------------------------------------------------------------
      4104        188        240          4          0       3032   Library Totals

    ----------------------------------------------------------------------

==============================================================================


      Code (inc. data)   RO Data    RW Data    ZI Data      Debug   

     32472       2368        648        616       4336     498035   Grand Totals
     32472       2368        648        180       4336     498035   ELF Image Totals (compressed)
     32472       2368        648        180          0          0   ROM Totals

==============================================================================

    Total RO  Size (Code + RO Data)                33120 (  32.34kB)
    Total RW  Size (RW Data + ZI Data)              4952 (   4.84kB)
    Total ROM Size (Code + RO Data + RW Data)      33300 (  32.52kB)

==============================================================================

